Component: ARM Compiler 5.05 update 2 (build 169) Tool: armlink [4d0f33]

==============================================================================

Section Cross References

    stm32f3xx_hal_pcd.o(i.HAL_PCD_DeInit) refers to stm32f3xx_hal_pcd.o(i.HAL_PCD_Stop) for HAL_PCD_Stop
    stm32f3xx_hal_pcd.o(i.HAL_PCD_DeInit) refers to usbd_conf.o(i.HAL_PCD_MspDeInit) for HAL_PCD_MspDeInit
    stm32f3xx_hal_pcd.o(i.HAL_PCD_DevConnect) refers to usbd_conf.o(i.HAL_PCDEx_SetConnectionState) for HAL_PCDEx_SetConnectionState
    stm32f3xx_hal_pcd.o(i.HAL_PCD_DevDisconnect) refers to usbd_conf.o(i.HAL_PCDEx_SetConnectionState) for HAL_PCDEx_SetConnectionState
    stm32f3xx_hal_pcd.o(i.HAL_PCD_EP_Transmit) refers to stm32f3xx_hal_pcd_ex.o(i.PCD_WritePMA) for PCD_WritePMA
    stm32f3xx_hal_pcd.o(i.HAL_PCD_IRQHandler) refers to stm32f3xx_hal_pcd.o(i.PCD_EP_ISR_Handler) for PCD_EP_ISR_Handler
    stm32f3xx_hal_pcd.o(i.HAL_PCD_IRQHandler) refers to usbd_conf.o(i.HAL_PCD_ResetCallback) for HAL_PCD_ResetCallback
    stm32f3xx_hal_pcd.o(i.HAL_PCD_IRQHandler) refers to stm32f3xx_hal_pcd.o(i.HAL_PCD_SetAddress) for HAL_PCD_SetAddress
    stm32f3xx_hal_pcd.o(i.HAL_PCD_IRQHandler) refers to usbd_conf.o(i.HAL_PCD_ResumeCallback) for HAL_PCD_ResumeCallback
    stm32f3xx_hal_pcd.o(i.HAL_PCD_IRQHandler) refers to usbd_conf.o(i.HAL_PCD_SuspendCallback) for HAL_PCD_SuspendCallback
    stm32f3xx_hal_pcd.o(i.HAL_PCD_IRQHandler) refers to usbd_conf.o(i.HAL_PCD_SOFCallback) for HAL_PCD_SOFCallback
    stm32f3xx_hal_pcd.o(i.HAL_PCD_Init) refers to usbd_conf.o(i.HAL_PCD_MspInit) for HAL_PCD_MspInit
    stm32f3xx_hal_pcd.o(i.HAL_PCD_Start) refers to usbd_conf.o(i.HAL_PCDEx_SetConnectionState) for HAL_PCDEx_SetConnectionState
    stm32f3xx_hal_pcd.o(i.PCD_EP_ISR_Handler) refers to usbd_conf.o(i.HAL_PCD_DataInStageCallback) for HAL_PCD_DataInStageCallback
    stm32f3xx_hal_pcd.o(i.PCD_EP_ISR_Handler) refers to stm32f3xx_hal_pcd_ex.o(i.PCD_ReadPMA) for PCD_ReadPMA
    stm32f3xx_hal_pcd.o(i.PCD_EP_ISR_Handler) refers to usbd_conf.o(i.HAL_PCD_SetupStageCallback) for HAL_PCD_SetupStageCallback
    stm32f3xx_hal_pcd.o(i.PCD_EP_ISR_Handler) refers to usbd_conf.o(i.HAL_PCD_DataOutStageCallback) for HAL_PCD_DataOutStageCallback
    stm32f3xx_hal_pcd.o(i.PCD_EP_ISR_Handler) refers to stm32f3xx_hal_pcd.o(i.HAL_PCD_EP_Receive) for HAL_PCD_EP_Receive
    stm32f3xx_hal_pcd.o(i.PCD_EP_ISR_Handler) refers to stm32f3xx_hal_pcd_ex.o(i.PCD_WritePMA) for PCD_WritePMA
    stm32f3xx_hal_pcd.o(i.PCD_EP_ISR_Handler) refers to stm32f3xx_hal_pcd.o(i.HAL_PCD_EP_Transmit) for HAL_PCD_EP_Transmit
    stm32f3xx_hal_dac.o(i.HAL_DAC_DeInit) refers to stm32f3xx_hal_msp.o(i.HAL_DAC_MspDeInit) for HAL_DAC_MspDeInit
    stm32f3xx_hal_dac.o(i.HAL_DAC_Init) refers to stm32f3xx_hal_msp.o(i.HAL_DAC_MspInit) for HAL_DAC_MspInit
    stm32f3xx_hal_dac.o(i.HAL_DAC_Stop_DMA) refers to stm32f3xx_hal_dma.o(i.HAL_DMA_Abort) for HAL_DMA_Abort
    stm32f3xx_hal.o(i.HAL_DeInit) refers to stm32f3xx_hal.o(i.HAL_MspDeInit) for HAL_MspDeInit
    stm32f3xx_hal.o(i.HAL_Delay) refers to stm32f3xx_hal.o(i.HAL_GetTick) for HAL_GetTick
    stm32f3xx_hal.o(i.HAL_GetTick) refers to stm32f3xx_hal.o(.data) for .data
    stm32f3xx_hal.o(i.HAL_IncTick) refers to stm32f3xx_hal.o(.data) for .data
    stm32f3xx_hal.o(i.HAL_Init) refers to stm32f3xx_hal_cortex.o(i.HAL_NVIC_SetPriorityGrouping) for HAL_NVIC_SetPriorityGrouping
    stm32f3xx_hal.o(i.HAL_Init) refers to stm32f3xx_hal_timebase_tim.o(i.HAL_InitTick) for HAL_InitTick
    stm32f3xx_hal.o(i.HAL_Init) refers to stm32f3xx_hal_msp.o(i.HAL_MspInit) for HAL_MspInit
    stm32f3xx_hal.o(i.HAL_InitTick) refers to stm32f3xx_hal_cortex.o(i.HAL_SYSTICK_Config) for HAL_SYSTICK_Config
    stm32f3xx_hal.o(i.HAL_InitTick) refers to stm32f3xx_hal_cortex.o(i.HAL_NVIC_SetPriority) for HAL_NVIC_SetPriority
    stm32f3xx_hal.o(i.HAL_InitTick) refers to system_stm32f3xx.o(.data) for SystemCoreClock
    stm32f3xx_hal_rtc.o(i.HAL_RTC_AlarmIRQHandler) refers to stm32f3xx_hal_rtc.o(i.HAL_RTC_AlarmAEventCallback) for HAL_RTC_AlarmAEventCallback
    stm32f3xx_hal_rtc.o(i.HAL_RTC_AlarmIRQHandler) refers to stm32f3xx_hal_rtc_ex.o(i.HAL_RTCEx_AlarmBEventCallback) for HAL_RTCEx_AlarmBEventCallback
    stm32f3xx_hal_rtc.o(i.HAL_RTC_DeInit) refers to stm32f3xx_hal_rtc.o(i.RTC_EnterInitMode) for RTC_EnterInitMode
    stm32f3xx_hal_rtc.o(i.HAL_RTC_DeInit) refers to stm32f3xx_hal.o(i.HAL_GetTick) for HAL_GetTick
    stm32f3xx_hal_rtc.o(i.HAL_RTC_DeInit) refers to stm32f3xx_hal_rtc.o(i.HAL_RTC_WaitForSynchro) for HAL_RTC_WaitForSynchro
    stm32f3xx_hal_rtc.o(i.HAL_RTC_DeInit) refers to stm32f3xx_hal_msp.o(i.HAL_RTC_MspDeInit) for HAL_RTC_MspDeInit
    stm32f3xx_hal_rtc.o(i.HAL_RTC_DeactivateAlarm) refers to stm32f3xx_hal.o(i.HAL_GetTick) for HAL_GetTick
    stm32f3xx_hal_rtc.o(i.HAL_RTC_GetAlarm) refers to stm32f3xx_hal_rtc.o(i.RTC_Bcd2ToByte) for RTC_Bcd2ToByte
    stm32f3xx_hal_rtc.o(i.HAL_RTC_GetDate) refers to stm32f3xx_hal_rtc.o(i.RTC_Bcd2ToByte) for RTC_Bcd2ToByte
[...]
    HAL_GetTick                              0x08002a99   Thumb Code     6  stm32f3xx_hal.o(i.HAL_GetTick)
    HAL_I2CEx_ConfigAnalogFilter             0x08002aa5   Thumb Code    86  stm32f3xx_hal_i2c_ex.o(i.HAL_I2CEx_ConfigAnalogFilter)
    HAL_I2CEx_ConfigDigitalFilter            0x08002afb   Thumb Code    82  stm32f3xx_hal_i2c_ex.o(i.HAL_I2CEx_ConfigDigitalFilter)
    HAL_I2C_Init                             0x08002b4d   Thumb Code   178  stm32f3xx_hal_i2c.o(i.HAL_I2C_Init)
    HAL_I2C_MspInit                          0x08002c05   Thumb Code    66  stm32f3xx_hal_msp.o(i.HAL_I2C_MspInit)
    HAL_IncTick                              0x08002c51   Thumb Code    10  stm32f3xx_hal.o(i.HAL_IncTick)
    HAL_Init                                 0x08002c61   Thumb Code    32  stm32f3xx_hal.o(i.HAL_Init)
    HAL_InitTick                             0x08002c85   Thumb Code   100  stm32f3xx_hal_timebase_tim.o(i.HAL_InitTick)
    HAL_MspInit                              0x08002cf9   Thumb Code   106  stm32f3xx_hal_msp.o(i.HAL_MspInit)
    HAL_NVIC_EnableIRQ                       0x08002d69   Thumb Code    22  stm32f3xx_hal_cortex.o(i.HAL_NVIC_EnableIRQ)
    HAL_NVIC_SetPriority                     0x08002d81   Thumb Code    60  stm32f3xx_hal_cortex.o(i.HAL_NVIC_SetPriority)
    HAL_NVIC_SetPriorityGrouping             0x08002dc1   Thumb Code    26  stm32f3xx_hal_cortex.o(i.HAL_NVIC_SetPriorityGrouping)
    HAL_PCDEx_PMAConfig                      0x08002de5   Thumb Code    60  stm32f3xx_hal_pcd_ex.o(i.HAL_PCDEx_PMAConfig)
    HAL_PCDEx_SetConnectionState             0x08002e21   Thumb Code    20  usbd_conf.o(i.HAL_PCDEx_SetConnectionState)
    HAL_PCD_DataInStageCallback              0x08002e39   Thumb Code    18  usbd_conf.o(i.HAL_PCD_DataInStageCallback)
    HAL_PCD_DataOutStageCallback             0x08002e4b   Thumb Code    20  usbd_conf.o(i.HAL_PCD_DataOutStageCallback)
    HAL_PCD_EP_Close                         0x08002e61   Thumb Code   348  stm32f3xx_hal_pcd.o(i.HAL_PCD_EP_Close)
    HAL_PCD_EP_ClrStall                      0x08002fbd   Thumb Code   178  stm32f3xx_hal_pcd.o(i.HAL_PCD_EP_ClrStall)
    HAL_PCD_EP_GetRxCount                    0x0800306f   Thumb Code    20  stm32f3xx_hal_pcd.o(i.HAL_PCD_EP_GetRxCount)
    HAL_PCD_EP_Open                          0x08003083   Thumb Code   720  stm32f3xx_hal_pcd.o(i.HAL_PCD_EP_Open)
    HAL_PCD_EP_Receive                       0x08003355   Thumb Code   166  stm32f3xx_hal_pcd.o(i.HAL_PCD_EP_Receive)
    HAL_PCD_EP_SetStall                      0x080033fb   Thumb Code   138  stm32f3xx_hal_pcd.o(i.HAL_PCD_EP_SetStall)
    HAL_PCD_EP_Transmit                      0x08003485   Thumb Code   208  stm32f3xx_hal_pcd.o(i.HAL_PCD_EP_Transmit)
    HAL_PCD_IRQHandler                       0x08003555   Thumb Code   240  stm32f3xx_hal_pcd.o(i.HAL_PCD_IRQHandler)
    HAL_PCD_Init                             0x08003645   Thumb Code   166  stm32f3xx_hal_pcd.o(i.HAL_PCD_Init)
    HAL_PCD_MspInit                          0x080036ed   Thumb Code    82  usbd_conf.o(i.HAL_PCD_MspInit)
    HAL_PCD_ResetCallback                    0x08003749   Thumb Code    26  usbd_conf.o(i.HAL_PCD_ResetCallback)
    HAL_PCD_ResumeCallback                   0x08003763   Thumb Code     8  usbd_conf.o(i.HAL_PCD_ResumeCallback)
    HAL_PCD_SOFCallback                      0x0800376b   Thumb Code     8  usbd_conf.o(i.HAL_PCD_SOFCallback)
    HAL_PCD_SetAddress                       0x08003773   Thumb Code    44  stm32f3xx_hal_pcd.o(i.HAL_PCD_SetAddress)
    HAL_PCD_SetupStageCallback               0x0800379f   Thumb Code    14  usbd_conf.o(i.HAL_PCD_SetupStageCallback)
    HAL_PCD_Start                            0x080037ad   Thumb Code    12  stm32f3xx_hal_pcd.o(i.HAL_PCD_Start)
    HAL_PCD_SuspendCallback                  0x080037b9   Thumb Code    30  usbd_conf.o(i.HAL_PCD_SuspendCallback)
    HAL_PWREx_EnableSDADC                    0x080037dd   Thumb Code    30  stm32f3xx_hal_pwr_ex.o(i.HAL_PWREx_EnableSDADC)
    HAL_RCCEx_PeriphCLKConfig                0x08003805   Thumb Code   450  stm32f3xx_hal_rcc_ex.o(i.HAL_RCCEx_PeriphCLKConfig)
    HAL_RCC_ClockConfig                      0x080039d5   Thumb Code   374  stm32f3xx_hal_rcc.o(i.HAL_RCC_ClockConfig)
    HAL_RCC_GetClockConfig                   0x08003b5d   Thumb Code    54  stm32f3xx_hal_rcc.o(i.HAL_RCC_GetClockConfig)
    HAL_RCC_GetHCLKFreq                      0x08003b9d   Thumb Code     6  stm32f3xx_hal_rcc.o(i.HAL_RCC_GetHCLKFreq)
    HAL_RCC_GetPCLK1Freq                     0x08003ba9   Thumb Code    34  stm32f3xx_hal_rcc.o(i.HAL_RCC_GetPCLK1Freq)
    HAL_RCC_GetPCLK2Freq                     0x08003bd9   Thumb Code    34  stm32f3xx_hal_rcc.o(i.HAL_RCC_GetPCLK2Freq)
    HAL_RCC_GetSysClockFreq                  0x08003c09   Thumb Code    84  stm32f3xx_hal_rcc.o(i.HAL_RCC_GetSysClockFreq)
    HAL_RCC_OscConfig                        0x08003c6d   Thumb Code  1452  stm32f3xx_hal_rcc.o(i.HAL_RCC_OscConfig)
    HAL_RTCEx_BKUPRead                       0x08004219   Thumb Code    10  stm32f3xx_hal_rtc_ex.o(i.HAL_RTCEx_BKUPRead)
    HAL_RTCEx_BKUPWrite                      0x08004223   Thumb Code    10  stm32f3xx_hal_rtc_ex.o(i.HAL_RTCEx_BKUPWrite)
    HAL_RTC_GetDate                          0x0800422d   Thumb Code    62  stm32f3xx_hal_rtc.o(i.HAL_RTC_GetDate)
    HAL_RTC_GetTime                          0x08004271   Thumb Code    82  stm32f3xx_hal_rtc.o(i.HAL_RTC_GetTime)
    HAL_RTC_Init                             0x080042c9   Thumb Code   166  stm32f3xx_hal_rtc.o(i.HAL_RTC_Init)
    HAL_RTC_MspInit                          0x08004375   Thumb Code    32  stm32f3xx_hal_msp.o(i.HAL_RTC_MspInit)
    HAL_RTC_SetDate                          0x0800439d   Thumb Code   204  stm32f3xx_hal_rtc.o(i.HAL_RTC_SetDate)
    HAL_RTC_SetTime                          0x0800446d   Thumb Code   236  stm32f3xx_hal_rtc.o(i.HAL_RTC_SetTime)
    HAL_RTC_WaitForSynchro                   0x0800455d   Thumb Code    54  stm32f3xx_hal_rtc.o(i.HAL_RTC_WaitForSynchro)
    HAL_SDADC_CalibrationStart               0x08004593   Thumb Code    82  stm32f3xx_hal_sdadc.o(i.HAL_SDADC_CalibrationStart)
    HAL_SDADC_ErrorCallback                  0x080045e5   Thumb Code     2  stm32f3xx_hal_sdadc.o(i.HAL_SDADC_ErrorCallback)
    HAL_SDADC_Init                           0x080045e9   Thumb Code   148  stm32f3xx_hal_sdadc.o(i.HAL_SDADC_Init)
    HAL_SDADC_InjectedConfigChannel          0x08004681   Thumb Code    72  stm32f3xx_hal_sdadc.o(i.HAL_SDADC_InjectedConfigChannel)
    HAL_SDADC_InjectedConvCpltCallback       0x080046c9   Thumb Code     2  stm32f3xx_hal_sdadc.o(i.HAL_SDADC_InjectedConvCpltCallback)
    HAL_SDADC_InjectedConvHalfCpltCallback   0x080046cb   Thumb Code     2  stm32f3xx_hal_sdadc.o(i.HAL_SDADC_InjectedConvHalfCpltCallback)
    HAL_SDADC_InjectedStart_DMA              0x080046cd   Thumb Code   126  stm32f3xx_hal_sdadc.o(i.HAL_SDADC_InjectedStart_DMA)
    HAL_SDADC_MspInit                        0x08004759   Thumb Code   186  stm32f3xx_hal_msp.o(i.HAL_SDADC_MspInit)
    HAL_SDADC_PollForCalibEvent              0x0800484d   Thumb Code    74  stm32f3xx_hal_sdadc.o(i.HAL_SDADC_PollForCalibEvent)
    HAL_SDADC_PrepareChannelConfig           0x08004897   Thumb Code    80  stm32f3xx_hal_sdadc.o(i.HAL_SDADC_PrepareChannelConfig)
    HAL_SDADC_SelectRegularTrigger           0x080048e9   Thumb Code    42  stm32f3xx_hal_sdadc.o(i.HAL_SDADC_SelectRegularTrigger)
    HAL_SYSTICK_CLKSourceConfig              0x08004919   Thumb Code    24  stm32f3xx_hal_cortex.o(i.HAL_SYSTICK_CLKSourceConfig)
    HAL_SYSTICK_Config                       0x08004931   Thumb Code    40  stm32f3xx_hal_cortex.o(i.HAL_SYSTICK_Config)
    HAL_TIMEx_BreakCallback                  0x08004959   Thumb Code     2  stm32f3xx_hal_tim_ex.o(i.HAL_TIMEx_BreakCallback)
    HAL_TIMEx_CommutationCallback            0x0800495b   Thumb Code     2  stm32f3xx_hal_tim_ex.o(i.HAL_TIMEx_CommutationCallback)
    HAL_TIMEx_MasterConfigSynchronization    0x0800495d   Thumb Code    80  stm32f3xx_hal_tim_ex.o(i.HAL_TIMEx_MasterConfigSynchronization)
    HAL_TIM_Base_Init                        0x080049ad   Thumb Code    54  stm32f3xx_hal_tim.o(i.HAL_TIM_Base_Init)
    HAL_TIM_Base_MspInit                     0x080049e5   Thumb Code   142  stm32f3xx_hal_msp.o(i.HAL_TIM_Base_MspInit)
    HAL_TIM_Base_Start_IT                    0x08004a8d   Thumb Code    24  stm32f3xx_hal_tim.o(i.HAL_TIM_Base_Start_IT)
    HAL_TIM_ConfigClockSource                0x08004aa5   Thumb Code   242  stm32f3xx_hal_tim.o(i.HAL_TIM_ConfigClockSource)
    HAL_TIM_IC_CaptureCallback               0x08004b99   Thumb Code   106  lc_meter.o(i.HAL_TIM_IC_CaptureCallback)
    HAL_TIM_IC_ConfigChannel                 0x08004c0d   Thumb Code   286  stm32f3xx_hal_tim.o(i.HAL_TIM_IC_ConfigChannel)
    HAL_TIM_IC_Init                          0x08004d2b   Thumb Code    54  stm32f3xx_hal_tim.o(i.HAL_TIM_IC_Init)
    HAL_TIM_IC_MspInit                       0x08004d61   Thumb Code     2  stm32f3xx_hal_tim.o(i.HAL_TIM_IC_MspInit)
    HAL_TIM_IRQHandler                       0x08004d63   Thumb Code   358  stm32f3xx_hal_tim.o(i.HAL_TIM_IRQHandler)
    HAL_TIM_MspPostInit                      0x08004ec9   Thumb Code    40  stm32f3xx_hal_msp.o(i.HAL_TIM_MspPostInit)
    HAL_TIM_OC_ConfigChannel                 0x08004ef9   Thumb Code    86  stm32f3xx_hal_tim.o(i.HAL_TIM_OC_ConfigChannel)
    HAL_TIM_OC_DelayElapsedCallback          0x08004f4f   Thumb Code     2  stm32f3xx_hal_tim.o(i.HAL_TIM_OC_DelayElapsedCallback)
    HAL_TIM_OC_Init                          0x08004f51   Thumb Code    54  stm32f3xx_hal_tim.o(i.HAL_TIM_OC_Init)
    HAL_TIM_OC_MspInit                       0x08004f87   Thumb Code     2  stm32f3xx_hal_tim.o(i.HAL_TIM_OC_MspInit)
    HAL_TIM_PWM_ConfigChannel                0x08004f89   Thumb Code   208  stm32f3xx_hal_tim.o(i.HAL_TIM_PWM_ConfigChannel)
    HAL_TIM_PWM_Init                         0x08005059   Thumb Code    54  stm32f3xx_hal_tim.o(i.HAL_TIM_PWM_Init)
    HAL_TIM_PWM_MspInit                      0x0800508f   Thumb Code     2  stm32f3xx_hal_tim.o(i.HAL_TIM_PWM_MspInit)
    HAL_TIM_PWM_PulseFinishedCallback        0x08005091   Thumb Code     2  stm32f3xx_hal_tim.o(i.HAL_TIM_PWM_PulseFinishedCallback)
    HAL_TIM_PeriodElapsedCallback            0x08005095   Thumb Code    14  main.o(i.HAL_TIM_PeriodElapsedCallback)
    HAL_TIM_TriggerCallback                  0x080050a9   Thumb Code     2  stm32f3xx_hal_tim.o(i.HAL_TIM_TriggerCallback)
    HAL_UARTEx_WakeupCallback                0x080050ab   Thumb Code     2  stm32f3xx_hal_uart_ex.o(i.HAL_UARTEx_WakeupCallback)
    HAL_UART_ErrorCallback                   0x080050ad   Thumb Code     2  stm32f3xx_hal_uart.o(i.HAL_UART_ErrorCallback)
    HAL_UART_IRQHandler                      0x080050b1   Thumb Code   316  stm32f3xx_hal_uart.o(i.HAL_UART_IRQHandler)
    HAL_UART_Init                            0x080051f1   Thumb Code   106  stm32f3xx_hal_uart.o(i.HAL_UART_Init)
    HAL_UART_MspInit                         0x0800525d   Thumb Code   172  stm32f3xx_hal_msp.o(i.HAL_UART_MspInit)
    HAL_UART_Receive_DMA                     0x0800533d   Thumb Code   132  stm32f3xx_hal_uart.o(i.HAL_UART_Receive_DMA)
    HAL_UART_RxCpltCallback                  0x080053cd   Thumb Code     6  uart_dma.o(i.HAL_UART_RxCpltCallback)
    HAL_UART_RxHalfCpltCallback              0x080053d9   Thumb Code     6  uart_dma.o(i.HAL_UART_RxHalfCpltCallback)
    HAL_UART_Transmit_DMA                    0x080053e5   Thumb Code   122  stm32f3xx_hal_uart.o(i.HAL_UART_Transmit_DMA)
    HAL_UART_TxCpltCallback                  0x0800546d   Thumb Code     2  stm32f3xx_hal_uart.o(i.HAL_UART_TxCpltCallback)
    HAL_UART_TxHalfCpltCallback              0x0800546f   Thumb Code     2  stm32f3xx_hal_uart.o(i.HAL_UART_TxHalfCpltCallback)
    HardFault_Handler                        0x08005471   Thumb Code     2  stm32f3xx_it.o(i.HardFault_Handler)
    MX_USB_DEVICE_Init                       0x08005a8d   Thumb Code    38  usb_device.o(i.MX_USB_DEVICE_Init)
    Mavlink_handller                         0x08005ac5   Thumb Code   130  cli.o(i.Mavlink_handller)
    MemManage_Handler                        0x08005b55   Thumb Code     2  stm32f3xx_it.o(i.MemManage_Handler)
    NMI_Handler                              0x08005b57   Thumb Code     2  stm32f3xx_it.o(i.NMI_Handler)
    PCD_ReadPMA                              0x08005ee1   Thumb Code    44  stm32f3xx_hal_pcd_ex.o(i.PCD_ReadPMA)
    PCD_WritePMA                             0x08005f0d   Thumb Code    38  stm32f3xx_hal_pcd_ex.o(i.PCD_WritePMA)
    RTC_Bcd2ToByte                           0x08005f33   Thumb Code    18  stm32f3xx_hal_rtc.o(i.RTC_Bcd2ToByte)
    RTC_ByteToBcd2                           0x08005f45   Thumb Code    22  stm32f3xx_hal_rtc.o(i.RTC_ByteToBcd2)
    RTC_EnterInitMode                        0x08005f5d   Thumb Code    58  stm32f3xx_hal_rtc.o(i.RTC_EnterInitMode)
    StartDefaultTask                         0x08006059   Thumb Code    76  main.o(i.StartDefaultTask)
    SysTick_Handler                          0x080060b5   Thumb Code    12  stm32f3xx_it.o(i.SysTick_Handler)
    SystemClock_Config                       0x080060c5   Thumb Code   178  main.o(i.SystemClock_Config)
    SystemInit                               0x08006181   Thumb Code    82  system_stm32f3xx.o(i.SystemInit)
    TIM4_IRQHandler                          0x080061e9   Thumb Code   132  stm32f3xx_it.o(i.TIM4_IRQHandler)
    TIM6_DAC1_IRQHandler                     0x08006285   Thumb Code    18  stm32f3xx_it.o(i.TIM6_DAC1_IRQHandler)
    TIM_Base_SetConfig                       0x080062a1   Thumb Code   158  stm32f3xx_hal_tim.o(i.TIM_Base_SetConfig)
    TIM_ETR_SetConfig                        0x08006369   Thumb Code    20  stm32f3xx_hal_tim.o(i.TIM_ETR_SetConfig)
    TIM_OC1_SetConfig                        0x0800638d   Thumb Code   100  stm32f3xx_hal_tim.o(i.TIM_OC1_SetConfig)
    TIM_OC2_SetConfig                        0x080063fd   Thumb Code    82  stm32f3xx_hal_tim.o(i.TIM_OC2_SetConfig)
    TIM_OC3_SetConfig                        0x0800645d   Thumb Code    76  stm32f3xx_hal_tim.o(i.TIM_OC3_SetConfig)
    TIM_OC4_SetConfig                        0x080064b5   Thumb Code    72  stm32f3xx_hal_tim.o(i.TIM_OC4_SetConfig)
    TIM_TI1_SetConfig                        0x0800652d   Thumb Code    94  stm32f3xx_hal_tim.o(i.TIM_TI1_SetConfig)
    Tick1_Task                               0x08006601   Thumb Code    28  main.o(i.Tick1_Task)
    UART_AdvFeatureConfig                    0x08006621   Thumb Code   200  stm32f3xx_hal_uart.o(i.UART_AdvFeatureConfig)
    UART_CheckIdleState                      0x080066e9   Thumb Code    92  stm32f3xx_hal_uart.o(i.UART_CheckIdleState)
    UART_EndTransmit_IT                      0x08006841   Thumb Code    26  stm32f3xx_hal_uart.o(i.UART_EndTransmit_IT)
    UART_Receive_IT                          0x0800686d   Thumb Code   118  stm32f3xx_hal_uart.o(i.UART_Receive_IT)
    UART_SetConfig                           0x080068e5   Thumb Code   366  stm32f3xx_hal_uart.o(i.UART_SetConfig)
    UART_Transmit_IT                         0x08006a6d   Thumb Code   100  stm32f3xx_hal_uart.o(i.UART_Transmit_IT)
    UART_WaitOnFlagUntilTimeout              0x08006ad1   Thumb Code   100  stm32f3xx_hal_uart.o(i.UART_WaitOnFlagUntilTimeout)
    USART2_IRQHandler                        0x08006b35   Thumb Code     6  stm32f3xx_it.o(i.USART2_IRQHandler)
    USBD_CDC_GetDeviceQualifierDescriptor    0x08006be5   Thumb Code     8  usbd_cdc.o(i.USBD_CDC_GetDeviceQualifierDescriptor)
    USBD_CDC_ReceivePacket                   0x08006c9d   Thumb Code    40  usbd_cdc.o(i.USBD_CDC_ReceivePacket)
    USBD_CDC_RegisterInterface               0x08006cc5   Thumb Code    16  usbd_cdc.o(i.USBD_CDC_RegisterInterface)
    USBD_CDC_SetRxBuffer                     0x08006cd5   Thumb Code    12  usbd_cdc.o(i.USBD_CDC_SetRxBuffer)
    USBD_CDC_SetTxBuffer                     0x08006ce1   Thumb Code    16  usbd_cdc.o(i.USBD_CDC_SetTxBuffer)
    USBD_CDC_TransmitPacket                  0x08006d61   Thumb Code    48  usbd_cdc.o(i.USBD_CDC_TransmitPacket)
    USBD_ClrClassConfig                      0x08006d91   Thumb Code    14  usbd_core.o(i.USBD_ClrClassConfig)
    USBD_CtlContinueRx                       0x08006d9f   Thumb Code    16  usbd_ioreq.o(i.USBD_CtlContinueRx)
    USBD_CtlContinueSendData                 0x08006daf   Thumb Code    16  usbd_ioreq.o(i.USBD_CtlContinueSendData)
    USBD_CtlError                            0x08006dbf   Thumb Code    22  usbd_ctlreq.o(i.USBD_CtlError)
    USBD_CtlPrepareRx                        0x08006dd5   Thumb Code    30  usbd_ioreq.o(i.USBD_CtlPrepareRx)
    USBD_CtlReceiveStatus                    0x08006df3   Thumb Code    22  usbd_ioreq.o(i.USBD_CtlReceiveStatus)
    USBD_CtlSendData                         0x08006e09   Thumb Code    26  usbd_ioreq.o(i.USBD_CtlSendData)
    USBD_CtlSendStatus                       0x08006e23   Thumb Code    22  usbd_ioreq.o(i.USBD_CtlSendStatus)
    USBD_FS_ConfigStrDescriptor              0x08006e39   Thumb Code    16  usbd_desc.o(i.USBD_FS_ConfigStrDescriptor)
    USBD_FS_DeviceDescriptor                 0x08006e59   Thumb Code     8  usbd_desc.o(i.USBD_FS_DeviceDescriptor)
    USBD_FS_InterfaceStrDescriptor           0x08006e65   Thumb Code    16  usbd_desc.o(i.USBD_FS_InterfaceStrDescriptor)
    USBD_FS_LangIDStrDescriptor              0x08006e89   Thumb Code     8  usbd_desc.o(i.USBD_FS_LangIDStrDescriptor)
    USBD_FS_ManufacturerStrDescriptor        0x08006e95   Thumb Code    16  usbd_desc.o(i.USBD_FS_ManufacturerStrDescriptor)
    USBD_FS_ProductStrDescriptor             0x08006ebd   Thumb Code    16  usbd_desc.o(i.USBD_FS_ProductStrDescriptor)
    USBD_FS_SerialStrDescriptor              0x08006eed   Thumb Code    16  usbd_desc.o(i.USBD_FS_SerialStrDescriptor)
    USBD_GetString                           0x08006ff1   Thumb Code    70  usbd_ctlreq.o(i.USBD_GetString)
    USBD_Init                                0x08007037   Thumb Code    42  usbd_core.o(i.USBD_Init)
    USBD_LL_ClearStallEP                     0x08007061   Thumb Code    32  usbd_conf.o(i.USBD_LL_ClearStallEP)
    USBD_LL_CloseEP                          0x08007081   Thumb Code    32  usbd_conf.o(i.USBD_LL_CloseEP)
    USBD_LL_DataInStage                      0x080070a1   Thumb Code   170  usbd_core.o(i.USBD_LL_DataInStage)
    USBD_LL_DataOutStage                     0x0800714b   Thumb Code   106  usbd_core.o(i.USBD_LL_DataOutStage)
    USBD_LL_GetRxDataSize                    0x080071b5   Thumb Code     8  usbd_conf.o(i.USBD_LL_GetRxDataSize)
    USBD_LL_Init                             0x080071bd   Thumb Code   128  usbd_conf.o(i.USBD_LL_Init)
    USBD_LL_IsStallEP                        0x08007259   Thumb Code    32  usbd_conf.o(i.USBD_LL_IsStallEP)
    USBD_LL_OpenEP                           0x08007279   Thumb Code    38  usbd_conf.o(i.USBD_LL_OpenEP)
    USBD_LL_PrepareReceive                   0x0800729f   Thumb Code    32  usbd_conf.o(i.USBD_LL_PrepareReceive)
    USBD_LL_Reset                            0x080072bf   Thumb Code    62  usbd_core.o(i.USBD_LL_Reset)
    USBD_LL_Resume                           0x080072fd   Thumb Code    12  usbd_core.o(i.USBD_LL_Resume)
    USBD_LL_SOF                              0x08007309   Thumb Code    24  usbd_core.o(i.USBD_LL_SOF)
    USBD_LL_SetSpeed                         0x08007321   Thumb Code     6  usbd_core.o(i.USBD_LL_SetSpeed)
    USBD_LL_SetUSBAddress                    0x08007327   Thumb Code    32  usbd_conf.o(i.USBD_LL_SetUSBAddress)
    USBD_LL_SetupStage                       0x08007347   Thumb Code    90  usbd_core.o(i.USBD_LL_SetupStage)
    USBD_LL_StallEP                          0x080073a1   Thumb Code    32  usbd_conf.o(i.USBD_LL_StallEP)
    USBD_LL_Start                            0x080073c1   Thumb Code    32  usbd_conf.o(i.USBD_LL_Start)
    USBD_LL_Suspend                          0x080073e1   Thumb Code    18  usbd_core.o(i.USBD_LL_Suspend)
    USBD_LL_Transmit                         0x080073f3   Thumb Code    32  usbd_conf.o(i.USBD_LL_Transmit)
    USBD_ParseSetupRequest                   0x08007413   Thumb Code    40  usbd_ctlreq.o(i.USBD_ParseSetupRequest)
    USBD_RegisterClass                       0x0800743b   Thumb Code    16  usbd_core.o(i.USBD_RegisterClass)
    USBD_SetClassConfig                      0x0800744b   Thumb Code    22  usbd_core.o(i.USBD_SetClassConfig)
    USBD_Start                               0x080074d5   Thumb Code    10  usbd_core.o(i.USBD_Start)
    USBD_StdDevReq                           0x080074df   Thumb Code   242  usbd_ctlreq.o(i.USBD_StdDevReq)
    USBD_StdEPReq                            0x080075d1   Thumb Code   220  usbd_ctlreq.o(i.USBD_StdEPReq)
    USBD_StdItfReq                           0x080076ad   Thumb Code    52  usbd_ctlreq.o(i.USBD_StdItfReq)
    USBD_static_free                         0x080076e1   Thumb Code     2  usbd_conf.o(i.USBD_static_free)
    USBD_static_malloc                       0x080076e5   Thumb Code     4  usbd_conf.o(i.USBD_static_malloc)
    USB_LP_IRQHandler                        0x080076ed   Thumb Code     6  stm32f3xx_it.o(i.USB_LP_IRQHandler)
    UsageFault_Handler                       0x080076f9   Thumb Code     2  stm32f3xx_it.o(i.UsageFault_Handler)
    VCP_handller                             0x080076fb   Thumb Code     2  vcp.o(i.VCP_handller)
    VCP_init                                 0x080076fd   Thumb Code    16  vcp.o(i.VCP_init)
    _Error_Handler                           0x08007711   Thumb Code     2  main.o(i._Error_Handler)
    __0sprintf                               0x08007729   Thumb Code    34  printfa.o(i.__0sprintf)
    __1sprintf                               0x08007729   Thumb Code     0  printfa.o(i.__0sprintf)
    __2sprintf                               0x08007729   Thumb Code     0  printfa.o(i.__0sprintf)
    __c89sprintf                             0x08007729   Thumb Code     0  printfa.o(i.__0sprintf)
    sprintf                                  0x08007729   Thumb Code     0  printfa.o(i.__0sprintf)
    __aeabi_errno_addr                       0x08007751   Thumb Code     4  errno.o(i.__aeabi_errno_addr)
    __rt_errno_addr                          0x08007751   Thumb Code     0  errno.o(i.__aeabi_errno_addr)
    __scatterload_copy                       0x08007759   Thumb Code    14  handlers.o(i.__scatterload_copy)
    __scatterload_null                       0x08007767   Thumb Code     2  handlers.o(i.__scatterload_null)
    __scatterload_zeroinit                   0x08007769   Thumb Code    14  handlers.o(i.__scatterload_zeroinit)
    can_is_empty                             0x08008063   Thumb Code    20  can_queue.o(i.can_is_empty)
    can_queue_is_full                        0x08008077   Thumb Code    34  can_queue.o(i.can_queue_is_full)
    checkFirstTime                           0x080080bd   Thumb Code    34  config.o(i.checkFirstTime)
    check_Sum_to_str                         0x080080df   Thumb Code    28  function.o(i.check_Sum_to_str)
    dequeue_cdc_data                         0x08008211   Thumb Code    54  vcp.o(i.dequeue_cdc_data)
    digital_out_put_controler                0x08008251   Thumb Code    22  digital_control.o(i.digital_out_put_controler)
    enqueue_cdc_data                         0x08008271   Thumb Code    60  vcp.o(i.enqueue_cdc_data)
    initEEPROM                               0x080082c1   Thumb Code     2  config.o(i.initEEPROM)
    initSystemset                            0x080082c5   Thumb Code    30  config.o(i.initSystemset)
    main                                     0x08008371   Thumb Code   230  main.o(i.main)
    micros                                   0x08008c25   Thumb Code    56  drv_system.o(i.micros)
    millis                                   0x08008c69   Thumb Code     4  drv_system.o(i.millis)
    moving_avg_update                        0x08008c6d   Thumb Code   310  adc.o(i.moving_avg_update)
    number_to_2hex                           0x08008de1   Thumb Code    32  function.o(i.number_to_2hex)
    osDelay                                  0x08008e01   Thumb Code    14  cmsis_os.o(i.osDelay)
    osKernelStart                            0x08008e0f   Thumb Code    10  cmsis_os.o(i.osKernelStart)
    osKernelSysTick                          0x08008e19   Thumb Code    24  cmsis_os.o(i.osKernelSysTick)
    osSystickHandler                         0x08008e31   Thumb Code    20  cmsis_os.o(i.osSystickHandler)
    osThreadCreate                           0x08008e45   Thumb Code    46  cmsis_os.o(i.osThreadCreate)
    output_protocl_port_init                 0x08008e75   Thumb Code    30  serial.o(i.output_protocl_port_init)
    polling_read_rx_dma_buffer_to_queue      0x08008e9d   Thumb Code   106  uart_dma.o(i.polling_read_rx_dma_buffer_to_queue)
    pvPortMalloc                             0x08009249   Thumb Code   210  heap_4.o(i.pvPortMalloc)
    pxPortInitialiseStack                    0x08009321   Thumb Code    40  port.o(i.pxPortInitialiseStack)
    readEEPROM                               0x0800934d   Thumb Code    34  config.o(i.readEEPROM)
    resetConf                                0x08009379   Thumb Code   212  config.o(i.resetConf)
    serial_direct_can_bus                    0x08009465   Thumb Code   564  cli.o(i.serial_direct_can_bus)
    systemInit                               0x080097dd   Thumb Code    50  drv_system.o(i.systemInit)
    systemReset                              0x0800981d   Thumb Code    24  drv_system.o(i.systemReset)
    uart2_dma_init                           0x080098f9   Thumb Code    24  uart_dma.o(i.uart2_dma_init)
    uart2_get_char                           0x08009919   Thumb Code    20  uart_dma.o(i.uart2_get_char)
    uart2_receive_check                      0x08009931   Thumb Code    20  uart_dma.o(i.uart2_receive_check)
    uart2_str_print                          0x08009949   Thumb Code    22  uart_dma.o(i.uart2_str_print)
    uart_dma_queue_init                      0x08009995   Thumb Code    36  uart_dma.o(i.uart_dma_queue_init)
    uxListRemove                             0x08009a01   Thumb Code    36  list.o(i.uxListRemove)
    vListInitialise                          0x08009a25   Thumb Code    22  list.o(i.vListInitialise)
    vListInitialiseItem                      0x08009a3b   Thumb Code     6  list.o(i.vListInitialiseItem)
    vListInsert                              0x08009a41   Thumb Code    48  list.o(i.vListInsert)
    vListInsertEnd                           0x08009a71   Thumb Code    24  list.o(i.vListInsertEnd)
    vPortEnterCritical                       0x08009a89   Thumb Code    54  port.o(i.vPortEnterCritical)
    vPortExitCritical                        0x08009ac9   Thumb Code    34  port.o(i.vPortExitCritical)
    vPortFree                                0x08009af1   Thumb Code    88  heap_4.o(i.vPortFree)
    vPortSetupTimerInterrupt                 0x08009b4d   Thumb Code    26  port.o(i.vPortSetupTimerInterrupt)
    vPortValidateInterruptPriority           0x08009b6d   Thumb Code    74  port.o(i.vPortValidateInterruptPriority)
    vTaskDelay                               0x08009bc1   Thumb Code    66  tasks.o(i.vTaskDelay)
    vTaskStartScheduler                      0x08009c0d   Thumb Code    86  tasks.o(i.vTaskStartScheduler)
    vTaskSuspendAll                          0x08009c75   Thumb Code    10  tasks.o(i.vTaskSuspendAll)
    vTaskSwitchContext                       0x08009c85   Thumb Code    82  tasks.o(i.vTaskSwitchContext)
    writeEEPROM                              0x08009d1d   Thumb Code   150  config.o(i.writeEEPROM)
    xPortStartScheduler                      0x08009dbd   Thumb Code   202  port.o(i.xPortStartScheduler)
    xPortSysTickHandler                      0x08009e9d   Thumb Code    38  port.o(i.xPortSysTickHandler)
    xTaskCreate                              0x08009ec9   Thumb Code    86  tasks.o(i.xTaskCreate)
    xTaskGetSchedulerState                   0x08009f21   Thumb Code    22  tasks.o(i.xTaskGetSchedulerState)
    xTaskGetTickCount                        0x08009f3d   Thumb Code     6  tasks.o(i.xTaskGetTickCount)
    xTaskGetTickCountFromISR                 0x08009f49   Thumb Code    12  tasks.o(i.xTaskGetTickCountFromISR)
    xTaskIncrementTick                       0x08009f59   Thumb Code   192  tasks.o(i.xTaskIncrementTick)
    xTaskResumeAll                           0x0800a021   Thumb Code   182  tasks.o(i.xTaskResumeAll)
    aPLLMULFactorTable                       0x0800a0e4   Data          16  stm32f3xx_hal_rcc.o(.constdata)
    aPredivFactorTable                       0x0800a0f4   Data          16  stm32f3xx_hal_rcc.o(.constdata)
    AHBPrescTable                            0x0800a104   Data          16  system_stm32f3xx.o(.constdata)
    APBPrescTable                            0x0800a114   Data           8  system_stm32f3xx.o(.constdata)
    __ctype_table                            0x0800a244   Data         129  ctype_o.o(.constdata)
    Region$$Table$$Base                      0x0800a2e4   Number         0  anon$$obj.o(Region$$Table)
    Region$$Table$$Limit                     0x0800a304   Number         0  anon$$obj.o(Region$$Table)
    uwTick                                   0x20000000   Data           4  stm32f3xx_hal.o(.data)
    SystemCoreClock                          0x20000004   Data           4  system_stm32f3xx.o(.data)
    defaultTaskHandle                        0x20000008   Data           4  main.o(.data)
    Task_1msHandle                           0x2000000c   Data           4  main.o(.data)
    FS_Desc                                  0x20000018   Data          28  usbd_desc.o(.data)
    USBD_LangIDDesc                          0x20000034   Data           4  usbd_desc.o(.data)
    USBD_FS_DeviceDesc                       0x20000038   Data          18  usbd_desc.o(.data)
    USBD_Interface_fops_FS                   0x2000004c   Data          16  usbd_cdc_if.o(.data)
    pxCurrentTCB                             0x2000005c   Data           4  tasks.o(.data)
    USBD_CDC_CfgHSDesc                       0x200000d0   Data          67  usbd_cdc.o(.data)
    USBD_CDC_CfgFSDesc                       0x20000114   Data          67  usbd_cdc.o(.data)
    USBD_CDC_OtherSpeedCfgDesc               0x20000158   Data          67  usbd_cdc.o(.data)
    USBD_CDC                                 0x2000019c   Data          56  usbd_cdc.o(.data)
    raw_ADC                                  0x200001e8   Data           8  adc.o(.data)
    LC_measu_complit_f                       0x20000298   Data           1  lc_meter.o(.data)
    ICPcount                                 0x200002a0   Data           4  lc_meter.o(.data)
    ICPValue                                 0x200002a4   Data           4  lc_meter.o(.data)
    F3                                       0x200002a8   Data           4  lc_meter.o(.data)
    Cx                                       0x200002d0   Data           8  lc_meter.o(.data)
    Lx                                       0x200002d8   Data           8  lc_meter.o(.data)
    sysTickUptime                            0x200002e4   Data           4  drv_system.o(.data)
    Q_rear                                   0x200002ec   Data           4  vcp.o(.data)
    Q_front                                  0x200002f0   Data           4  vcp.o(.data)
    can_txd_list                             0x20000304   Data          32  can.o(.data)
    can_rtr_list                             0x20000324   Data          12  can.o(.data)
    can_rxd_list                             0x20000330   Data          40  can.o(.data)
    RTC_date                                 0x20000358   Data           4  rtc.o(.data)
    pFlash                                   0x20000378   Data          32  stm32f3xx_hal_flash.o(.bss)
    hadc1                                    0x20000398   Data          48  main.o(.bss)
    hcan                                     0x200003c8   Data          68  main.o(.bss)
    hdac1                                    0x2000040c   Data          20  main.o(.bss)
    hdac2                                    0x20000420   Data          20  main.o(.bss)
    hi2c2                                    0x20000434   Data          76  main.o(.bss)
    hrtc                                     0x20000480   Data          32  main.o(.bss)
    hsdadc1                                  0x200004a0   Data          68  main.o(.bss)
    hsdadc3                                  0x200004e4   Data          68  main.o(.bss)
    htim3                                    0x20000528   Data          64  main.o(.bss)
    htim4                                    0x20000568   Data          64  main.o(.bss)
    htim5                                    0x200005a8   Data          64  main.o(.bss)
    htim19                                   0x200005e8   Data          64  main.o(.bss)
    huart2                                   0x20000628   Data         112  main.o(.bss)
    hdma_adc1                                0x20000698   Data          68  main.o(.bss)
    hdma_sdadc1                              0x200006dc   Data          68  main.o(.bss)
    hdma_sdadc3                              0x20000720   Data          68  main.o(.bss)
    hdma_usart2_rx                           0x20000764   Data          68  main.o(.bss)
    hdma_usart2_tx                           0x200007a8   Data          68  main.o(.bss)
    USBD_StrDesc                             0x200007ec   Data         512  usbd_desc.o(.bss)
    hUsbDeviceFS                             0x200009ec   Data         548  usb_device.o(.bss)
    hpcd_USB_FS                              0x20000e30   Data         936  usbd_conf.o(.bss)
    UserRxBufferFS                           0x200011d8   Data          64  usbd_cdc_if.o(.bss)
    UserTxBufferFS                           0x20001218   Data          64  usbd_cdc_if.o(.bss)
    htim6                                    0x20001258   Data          64  stm32f3xx_hal_timebase_tim.o(.bss)
    raw_SDADC                                0x20001fa0   Data          12  adc.o(.bss)
    avg_item                                 0x20001fb0   Data          48  adc.o(.bss)
    measu_data                               0x20001fe0   Data          24  config.o(.bss)
    cfg                                      0x20001ff8   Data          76  config.o(.bss)
    mcfg                                     0x20002044   Data         172  config.o(.bss)
    sys                                      0x200020f0   Data          48  config.o(.bss)
    uart2_q                                  0x20002120   Data         164  uart_dma.o(.bss)
    rx_dma_buf                               0x200021c4   Data          64  uart_dma.o(.bss)
    serial_to_can_port                       0x20002204   Data          20  serial.o(.bss)
    mavlink_port                             0x20002218   Data          20  serial.o(.bss)
    CDC_rx_q                                 0x20002290   Data         263  vcp.o(.bss)
    CAN_txd_queue                            0x200023d8   Data         516  can_queue.o(.bss)
    CAN_rxd_queue                            0x200025dc   Data         516  can_queue.o(.bss)
    RTC_time                                 0x200027e0   Data          20  rtc.o(.bss)
    __initial_sp                             0x20003310   Data           0  startup_stm32f373xc.o(STACK)



==============================================================================

Memory Map of the image

  Image Entry point : 0x08000189

  Load Region LR_IROM1 (Base: 0x08000000, Size: 0x0000a678, Max: 0x00040000, ABSOLUTE, COMPRESSED[0x0000a488])

    Execution Region ER_IROM1 (Base: 0x08000000, Size: 0x0000a304, Max: 0x00040000, ABSOLUTE)

    Base Addr    Size         Type   Attr      Idx    E Section Name        Object

    0x08000000   0x00000188   Data   RO         4573    RESET               startup_stm32f373xc.o
    0x08000188   0x00000000   Code   RO         7987  * .ARM.Collect$$$$00000000  mc_w.l(entry.o)
    0x08000188   0x00000004   Code   RO         8293    .ARM.Collect$$$$00000001  mc_w.l(entry2.o)
    0x0800018c   0x00000004   Code   RO         8296    .ARM.Collect$$$$00000004  mc_w.l(entry5.o)
    0x08000190   0x00000000   Code   RO         8298    .ARM.Collect$$$$00000008  mc_w.l(entry7b.o)
    0x08000190   0x00000000   Code   RO         8300    .ARM.Collect$$$$0000000A  mc_w.l(entry8b.o)
    0x08000190   0x00000008   Code   RO         8301    .ARM.Collect$$$$0000000B  mc_w.l(entry9a.o)
    0x08000198   0x00000000   Code   RO         8303    .ARM.Collect$$$$0000000D  mc_w.l(entry10a.o)
    0x08000198   0x00000000   Code   RO         8305    .ARM.Collect$$$$0000000F  mc_w.l(entry11a.o)
    0x08000198   0x00000004   Code   RO         8294    .ARM.Collect$$$$00002712  mc_w.l(entry2.o)
    0x0800019c   0x000000ba   Code   RO         6049    .emb_text           port.o
    0x08000256   0x00000002   PAD
    0x08000258   0x00000024   Code   RO         4574    .text               startup_stm32f373xc.o
    0x0800027c   0x0000001e   Code   RO         7990    .text               mc_w.l(llshl.o)
    0x0800029a   0x00000020   Code   RO         7992    .text               mc_w.l(llushr.o)
    0x080002ba   0x00000024   Code   RO         7994    .text               mc_w.l(memcpya.o)
    0x080002de   0x00000024   Code   RO         7996    .text               mc_w.l(memseta.o)
    0x08000302   0x0000000e   Code   RO         8000    .text               mc_w.l(strlen.o)
    0x08000310   0x00000070   Code   RO         8267    .text               mc_w.l(strtol.o)
    0x08000380   0x0000014e   Code   RO         8269    .text               mf_w.l(dadd.o)
    0x080004ce   0x000000e4   Code   RO         8271    .text               mf_w.l(dmul.o)
    0x080005b2   0x000000de   Code   RO         8273    .text               mf_w.l(ddiv.o)
    0x08000690   0x00000022   Code   RO         8277    .text               mf_w.l(dflti.o)
    0x080006b2   0x0000003e   Code   RO         8281    .text               mf_w.l(dfixi.o)
    0x080006f0   0x00000032   Code   RO         8283    .text               mf_w.l(dfixui.o)
    0x08000722   0x00000026   Code   RO         8285    .text               mf_w.l(f2d.o)
    0x08000748   0x00000030   Code   RO         8289    .text               mf_w.l(cdrcmple.o)
    0x08000778   0x00000038   Code   RO         8291    .text               mf_w.l(d2f.o)
    0x080007b0   0x0000002c   Code   RO         8308    .text               mc_w.l(uidiv.o)
    0x080007dc   0x00000062   Code   RO         8310    .text               mc_w.l(uldiv.o)
    0x0800083e   0x00000024   Code   RO         8312    .text               mc_w.l(llsshr.o)
    0x08000862   0x00000002   PAD
    0x08000864   0x00000008   Code   RO         8314    .text               mc_w.l(ctype_o.o)
    0x0800086c   0x0000009e   Code   RO         8349    .text               mc_w.l(_strtoul.o)
    0x0800090a   0x00000000   Code   RO         8351    .text               mc_w.l(iusefp.o)
    0x0800090a   0x0000006e   Code   RO         8352    .text               mf_w.l(fepilogue.o)
    0x08000978   0x000000ba   Code   RO         8354    .text               mf_w.l(depilogue.o)
    0x08000a32   0x00000030   Code   RO         8356    .text               mf_w.l(dfixul.o)
    0x08000a62   0x00000002   PAD
    0x08000a64   0x00000024   Code   RO         8358    .text               mc_w.l(init.o)
    0x08000a88   0x0000001c   Code   RO         8360    .text               mc_w.l(_chval.o)
    0x08000aa4   0x00000056   Code   RO         8370    .text               mc_w.l(__dczerorl2.o)
    0x08000afa   0x00000002   PAD
    0x08000afc   0x0000004c   Code   RO         4205    i.ADC_ConversionStop_Disable  stm32f3xx_hal_adc_ex.o
    0x08000b48   0x00000046   Code   RO         4206    i.ADC_DMAConvCplt   stm32f3xx_hal_adc_ex.o
    0x08000b8e   0x00000016   Code   RO         4207    i.ADC_DMAError      stm32f3xx_hal_adc_ex.o
    0x08000ba4   0x00000006   Code   RO         4208    i.ADC_DMAHalfConvCplt  stm32f3xx_hal_adc_ex.o
    0x08000baa   0x00000002   PAD
    0x08000bac   0x00000070   Code   RO         4209    i.ADC_Enable        stm32f3xx_hal_adc_ex.o
    0x08000c1c   0x00000288   Code   RO         7046    i.ADC_handller      adc.o
    0x08000ea4   0x00000100   Code   RO         7047    i.ADC_init          adc.o
    0x08000fa4   0x00000002   Code   RO         5063    i.BusFault_Handler  stm32f3xx_it.o
    0x08000fa6   0x00000002   PAD
    0x08000fa8   0x0000006c   Code   RO         7540    i.CAN_Config        can.o
    0x08001014   0x0000000c   Code   RO         5064    i.CAN_RX0_IRQHandler  stm32f3xx_it.o
    0x08001020   0x00000024   Code   RO         7541    i.CAN_RXD_Queue_Handller  can.o
    0x08001044   0x0000018c   Code   RO         7542    i.CAN_RXD_data_update  can.o
    0x080011d0   0x00000132   Code   RO         2280    i.CAN_Receive_IT    stm32f3xx_hal_can.o
    0x08001302   0x00000002   PAD
    0x08001304   0x00000068   Code   RO         7543    i.CAN_TXD_Time_Handller_en_queue  can.o
    0x0800136c   0x00000068   Code   RO         7544    i.CAN_TXD_sterimming  can.o
    0x080013d4   0x0000006a   Code   RO         7648    i.CAN_dequeue       can_queue.o
    0x0800143e   0x0000007e   Code   RO         7649    i.CAN_enqueue       can_queue.o
    0x080014bc   0x00000004   Code   RO         5510    i.CDC_Control_FS    usbd_cdc_if.o
    0x080014c0   0x00000004   Code   RO         5511    i.CDC_DeInit_FS     usbd_cdc_if.o
    0x080014c4   0x00000024   Code   RO         5512    i.CDC_Init_FS       usbd_cdc_if.o
    0x080014e8   0x00000024   Code   RO         5513    i.CDC_Receive_FS    usbd_cdc_if.o
    0x0800150c   0x0000002c   Code   RO         5514    i.CDC_Transmit_FS   usbd_cdc_if.o
    0x08001538   0x0000000e   Code   RO         7450    i.CDC_getchar       vcp.o
    0x08001546   0x00000002   PAD
    0x08001548   0x00000018   Code   RO         7451    i.CDC_is_available  vcp.o
    0x08001560   0x0000000c   Code   RO         7048    i.Calibration_TC_value  adc.o
    0x0800156c   0x00000050   Code   RO         7799    i.DAC_init          dac.o
    0x080015bc   0x000000a4   Code   RO         7800    i.DAC_output_handller  dac.o
    0x08001660   0x0000000c   Code   RO         5065    i.DMA1_Channel1_IRQHandler  stm32f3xx_it.o
    0x0800166c   0x0000000c   Code   RO         5066    i.DMA1_Channel6_IRQHandler  stm32f3xx_it.o
    0x08001678   0x0000000c   Code   RO         5067    i.DMA1_Channel7_IRQHandler  stm32f3xx_it.o
    0x08001684   0x0000000c   Code   RO         5068    i.DMA2_Channel3_IRQHandler  stm32f3xx_it.o
    0x08001690   0x0000000c   Code   RO         5069    i.DMA2_Channel5_IRQHandler  stm32f3xx_it.o
    0x0800169c   0x0000003c   Code   RO         1309    i.DMA_CalcBaseAndBitshift  stm32f3xx_hal_dma.o
    0x080016d8   0x0000002a   Code   RO         1310    i.DMA_SetConfig     stm32f3xx_hal_dma.o
    0x08001702   0x00000002   Code   RO         5070    i.DebugMon_Handler  stm32f3xx_it.o
    0x08001704   0x00000024   Code   RO          763    i.FLASH_MassErase   stm32f3xx_hal_flash_ex.o
    0x08001728   0x00000024   Code   RO          768    i.FLASH_PageErase   stm32f3xx_hal_flash_ex.o
    0x0800174c   0x0000001c   Code   RO         3755    i.FLASH_Program_HalfWord  stm32f3xx_hal_flash.o
    0x08001768   0x00000034   Code   RO         3756    i.FLASH_SetErrorCode  stm32f3xx_hal_flash.o
    0x0800179c   0x00000050   Code   RO         3757    i.FLASH_WaitForLastOperation  stm32f3xx_hal_flash.o
    0x080017ec   0x000000b6   Code   RO         4210    i.HAL_ADCEx_Calibration_Start  stm32f3xx_hal_adc_ex.o
    0x080018a2   0x0000006e   Code   RO         4215    i.HAL_ADCEx_InjectedStart  stm32f3xx_hal_adc_ex.o
    0x08001910   0x000000f8   Code   RO         4220    i.HAL_ADC_ConfigChannel  stm32f3xx_hal_adc_ex.o
    0x08001a08   0x00000002   Code   RO         4388    i.HAL_ADC_ConvCpltCallback  stm32f3xx_hal_adc.o
    0x08001a0a   0x00000002   Code   RO         4389    i.HAL_ADC_ConvHalfCpltCallback  stm32f3xx_hal_adc.o
    0x08001a0c   0x00000002   Code   RO         4391    i.HAL_ADC_ErrorCallback  stm32f3xx_hal_adc.o
    0x08001a0e   0x00000002   PAD
    0x08001a10   0x0000011c   Code   RO         4224    i.HAL_ADC_Init      stm32f3xx_hal_adc_ex.o
    0x08001b2c   0x00000098   Code   RO         4937    i.HAL_ADC_MspInit   stm32f3xx_hal_msp.o
    0x08001bc4   0x000000c4   Code   RO         4228    i.HAL_ADC_Start_DMA  stm32f3xx_hal_adc_ex.o
    0x08001c88   0x000000e6   Code   RO         2281    i.HAL_CAN_ConfigFilter  stm32f3xx_hal_can.o
    0x08001d6e   0x00000002   Code   RO         2283    i.HAL_CAN_ErrorCallback  stm32f3xx_hal_can.o
    0x08001d70   0x00000210   Code   RO         2286    i.HAL_CAN_IRQHandler  stm32f3xx_hal_can.o
    0x08001f80   0x0000014a   Code   RO         2287    i.HAL_CAN_Init      stm32f3xx_hal_can.o
    0x080020ca   0x00000002   PAD
    0x080020cc   0x0000005c   Code   RO         4939    i.HAL_CAN_MspInit   stm32f3xx_hal_msp.o
    0x08002128   0x000000c8   Code   RO         2291    i.HAL_CAN_Receive_IT  stm32f3xx_hal_can.o
    0x080021f0   0x00000040   Code   RO         7546    i.HAL_CAN_RxCpltCallback  can.o
    0x08002230   0x000001d4   Code   RO         2294    i.HAL_CAN_Transmit  stm32f3xx_hal_can.o
    0x08002404   0x00000002   Code   RO         2296    i.HAL_CAN_TxCpltCallback  stm32f3xx_hal_can.o
    0x08002406   0x00000002   Code   RO         3256    i.HAL_DACEx_DMAUnderrunCallbackCh2  stm32f3xx_hal_dac_ex.o
    0x08002408   0x00000042   Code   RO         3262    i.HAL_DAC_ConfigChannel  stm32f3xx_hal_dac_ex.o
    0x0800244a   0x00000002   Code   RO          352    i.HAL_DAC_DMAUnderrunCallbackCh1  stm32f3xx_hal_dac.o
    0x0800244c   0x00000064   Code   RO         3264    i.HAL_DAC_IRQHandler  stm32f3xx_hal_dac_ex.o
    0x080024b0   0x00000028   Code   RO          358    i.HAL_DAC_Init      stm32f3xx_hal_dac.o
    0x080024d8   0x0000007c   Code   RO         4941    i.HAL_DAC_MspInit   stm32f3xx_hal_msp.o
    0x08002554   0x0000001a   Code   RO         3265    i.HAL_DAC_SetValue  stm32f3xx_hal_dac_ex.o
    0x0800256e   0x00000054   Code   RO         3266    i.HAL_DAC_Start     stm32f3xx_hal_dac_ex.o
    0x080025c2   0x0000004a   Code   RO         1312    i.HAL_DMA_Abort_IT  stm32f3xx_hal_dma.o
    0x0800260c   0x000000a8   Code   RO         1316    i.HAL_DMA_IRQHandler  stm32f3xx_hal_dma.o
    0x080026b4   0x00000056   Code   RO         1317    i.HAL_DMA_Init      stm32f3xx_hal_dma.o
    0x0800270a   0x00000070   Code   RO         1321    i.HAL_DMA_Start_IT  stm32f3xx_hal_dma.o
    0x0800277a   0x0000001c   Code   RO          480    i.HAL_Delay         stm32f3xx_hal.o
    0x08002796   0x00000002   PAD
    0x08002798   0x000000a8   Code   RO          769    i.HAL_FLASHEx_Erase  stm32f3xx_hal_flash_ex.o
    0x08002840   0x0000000c   Code   RO         3759    i.HAL_FLASH_GetError  stm32f3xx_hal_flash.o
    0x0800284c   0x00000014   Code   RO         3761    i.HAL_FLASH_Lock    stm32f3xx_hal_flash.o
    0x08002860   0x00000080   Code   RO         3766    i.HAL_FLASH_Program  stm32f3xx_hal_flash.o
    0x080028e0   0x00000024   Code   RO         3768    i.HAL_FLASH_Unlock  stm32f3xx_hal_flash.o
    0x08002904   0x00000188   Code   RO         3861    i.HAL_GPIO_Init     stm32f3xx_hal_gpio.o
    0x08002a8c   0x0000000a   Code   RO         3865    i.HAL_GPIO_WritePin  stm32f3xx_hal_gpio.o
    0x08002a96   0x00000002   PAD
    0x08002a98   0x0000000c   Code   RO          484    i.HAL_GetTick       stm32f3xx_hal.o
    0x08002aa4   0x00000056   Code   RO         2766    i.HAL_I2CEx_ConfigAnalogFilter  stm32f3xx_hal_i2c_ex.o
    0x08002afa   0x00000052   Code   RO         2767    i.HAL_I2CEx_ConfigDigitalFilter  stm32f3xx_hal_i2c_ex.o
    0x08002b4c   0x000000b8   Code   RO         2831    i.HAL_I2C_Init      stm32f3xx_hal_i2c.o
    0x08002c04   0x0000004c   Code   RO         4943    i.HAL_I2C_MspInit   stm32f3xx_hal_msp.o
    0x08002c50   0x00000010   Code   RO          488    i.HAL_IncTick       stm32f3xx_hal.o
    0x08002c60   0x00000024   Code   RO          489    i.HAL_Init          stm32f3xx_hal.o
    0x08002c84   0x00000074   Code   RO         5562    i.HAL_InitTick      stm32f3xx_hal_timebase_tim.o
    0x08002cf8   0x00000070   Code   RO         4944    i.HAL_MspInit       stm32f3xx_hal_msp.o
    0x08002d68   0x00000016   Code   RO         1414    i.HAL_NVIC_EnableIRQ  stm32f3xx_hal_cortex.o
    0x08002d7e   0x00000002   PAD
    0x08002d80   0x00000040   Code   RO         1420    i.HAL_NVIC_SetPriority  stm32f3xx_hal_cortex.o
    0x08002dc0   0x00000024   Code   RO         1421    i.HAL_NVIC_SetPriorityGrouping  stm32f3xx_hal_cortex.o
    0x08002de4   0x0000003c   Code   RO         3380    i.HAL_PCDEx_PMAConfig  stm32f3xx_hal_pcd_ex.o
    0x08002e20   0x00000018   Code   RO         5300    i.HAL_PCDEx_SetConnectionState  usbd_conf.o
    0x08002e38   0x00000012   Code   RO         5302    i.HAL_PCD_DataInStageCallback  usbd_conf.o
    0x08002e4a   0x00000014   Code   RO         5303    i.HAL_PCD_DataOutStageCallback  usbd_conf.o
    0x08002e5e   0x00000002   PAD
    0x08002e60   0x0000015c   Code   RO           13    i.HAL_PCD_EP_Close  stm32f3xx_hal_pcd.o
    0x08002fbc   0x000000b2   Code   RO           14    i.HAL_PCD_EP_ClrStall  stm32f3xx_hal_pcd.o
    0x0800306e   0x00000014   Code   RO           16    i.HAL_PCD_EP_GetRxCount  stm32f3xx_hal_pcd.o
    0x08003082   0x000002d0   Code   RO           17    i.HAL_PCD_EP_Open   stm32f3xx_hal_pcd.o
    0x08003352   0x00000002   PAD
    0x08003354   0x000000a6   Code   RO           18    i.HAL_PCD_EP_Receive  stm32f3xx_hal_pcd.o
    0x080033fa   0x0000008a   Code   RO           19    i.HAL_PCD_EP_SetStall  stm32f3xx_hal_pcd.o
    0x08003484   0x000000d0   Code   RO           20    i.HAL_PCD_EP_Transmit  stm32f3xx_hal_pcd.o
    0x08003554   0x000000f0   Code   RO           22    i.HAL_PCD_IRQHandler  stm32f3xx_hal_pcd.o
    0x08003644   0x000000a6   Code   RO           25    i.HAL_PCD_Init      stm32f3xx_hal_pcd.o
    0x080036ea   0x00000002   PAD
    0x080036ec   0x0000005c   Code   RO         5308    i.HAL_PCD_MspInit   usbd_conf.o
    0x08003748   0x0000001a   Code   RO         5309    i.HAL_PCD_ResetCallback  usbd_conf.o
    0x08003762   0x00000008   Code   RO         5310    i.HAL_PCD_ResumeCallback  usbd_conf.o
    0x0800376a   0x00000008   Code   RO         5311    i.HAL_PCD_SOFCallback  usbd_conf.o
    0x08003772   0x0000002c   Code   RO           31    i.HAL_PCD_SetAddress  stm32f3xx_hal_pcd.o
    0x0800379e   0x0000000e   Code   RO         5312    i.HAL_PCD_SetupStageCallback  usbd_conf.o
    0x080037ac   0x0000000c   Code   RO           33    i.HAL_PCD_Start     stm32f3xx_hal_pcd.o
    0x080037b8   0x00000024   Code   RO         5313    i.HAL_PCD_SuspendCallback  usbd_conf.o
    0x080037dc   0x00000028   Code   RO         1250    i.HAL_PWREx_EnableSDADC  stm32f3xx_hal_pwr_ex.o
    0x08003804   0x000001d0   Code   RO         1210    i.HAL_RCCEx_PeriphCLKConfig  stm32f3xx_hal_rcc_ex.o
    0x080039d4   0x00000188   Code   RO         3651    i.HAL_RCC_ClockConfig  stm32f3xx_hal_rcc.o
    0x08003b5c   0x00000040   Code   RO         3655    i.HAL_RCC_GetClockConfig  stm32f3xx_hal_rcc.o
    0x08003b9c   0x0000000c   Code   RO         3656    i.HAL_RCC_GetHCLKFreq  stm32f3xx_hal_rcc.o
    0x08003ba8   0x00000030   Code   RO         3658    i.HAL_RCC_GetPCLK1Freq  stm32f3xx_hal_rcc.o
    0x08003bd8   0x00000030   Code   RO         3659    i.HAL_RCC_GetPCLK2Freq  stm32f3xx_hal_rcc.o
    0x08003c08   0x00000064   Code   RO         3660    i.HAL_RCC_GetSysClockFreq  stm32f3xx_hal_rcc.o
    0x08003c6c   0x000005ac   Code   RO         3663    i.HAL_RCC_OscConfig  stm32f3xx_hal_rcc.o
    0x08004218   0x0000000a   Code   RO         3423    i.HAL_RTCEx_BKUPRead  stm32f3xx_hal_rtc_ex.o
    0x08004222   0x0000000a   Code   RO         3424    i.HAL_RTCEx_BKUPWrite  stm32f3xx_hal_rtc_ex.o
    0x0800422c   0x00000044   Code   RO          631    i.HAL_RTC_GetDate   stm32f3xx_hal_rtc.o
    0x08004270   0x00000058   Code   RO          633    i.HAL_RTC_GetTime   stm32f3xx_hal_rtc.o
    0x080042c8   0x000000ac   Code   RO          634    i.HAL_RTC_Init      stm32f3xx_hal_rtc.o
    0x08004374   0x00000028   Code   RO         4946    i.HAL_RTC_MspInit   stm32f3xx_hal_msp.o
    0x0800439c   0x000000d0   Code   RO          640    i.HAL_RTC_SetDate   stm32f3xx_hal_rtc.o
    0x0800446c   0x000000f0   Code   RO          641    i.HAL_RTC_SetTime   stm32f3xx_hal_rtc.o
    0x0800455c   0x00000036   Code   RO          642    i.HAL_RTC_WaitForSynchro  stm32f3xx_hal_rtc.o
    0x08004592   0x00000052   Code   RO         2407    i.HAL_SDADC_CalibrationStart  stm32f3xx_hal_sdadc.o
    0x080045e4   0x00000002   Code   RO         2413    i.HAL_SDADC_ErrorCallback  stm32f3xx_hal_sdadc.o
    0x080045e6   0x00000002   PAD
    0x080045e8   0x00000098   Code   RO         2418    i.HAL_SDADC_Init    stm32f3xx_hal_sdadc.o
    0x08004680   0x00000048   Code   RO         2419    i.HAL_SDADC_InjectedConfigChannel  stm32f3xx_hal_sdadc.o
    0x080046c8   0x00000002   Code   RO         2420    i.HAL_SDADC_InjectedConvCpltCallback  stm32f3xx_hal_sdadc.o
    0x080046ca   0x00000002   Code   RO         2421    i.HAL_SDADC_InjectedConvHalfCpltCallback  stm32f3xx_hal_sdadc.o
    0x080046cc   0x0000008c   Code   RO         2428    i.HAL_SDADC_InjectedStart_DMA  stm32f3xx_hal_sdadc.o
    0x08004758   0x000000f4   Code   RO         4948    i.HAL_SDADC_MspInit  stm32f3xx_hal_msp.o
    0x0800484c   0x0000004a   Code   RO         2439    i.HAL_SDADC_PollForCalibEvent  stm32f3xx_hal_sdadc.o
    0x08004896   0x00000050   Code   RO         2442    i.HAL_SDADC_PrepareChannelConfig  stm32f3xx_hal_sdadc.o
    0x080048e6   0x00000002   PAD
    0x080048e8   0x00000030   Code   RO         2446    i.HAL_SDADC_SelectRegularTrigger  stm32f3xx_hal_sdadc.o
    0x08004918   0x00000018   Code   RO         1423    i.HAL_SYSTICK_CLKSourceConfig  stm32f3xx_hal_cortex.o
    0x08004930   0x00000028   Code   RO         1425    i.HAL_SYSTICK_Config  stm32f3xx_hal_cortex.o
    0x08004958   0x00000002   Code   RO         3979    i.HAL_TIMEx_BreakCallback  stm32f3xx_hal_tim_ex.o
    0x0800495a   0x00000002   Code   RO         3980    i.HAL_TIMEx_CommutationCallback  stm32f3xx_hal_tim_ex.o
    0x0800495c   0x00000050   Code   RO         3993    i.HAL_TIMEx_MasterConfigSynchronization  stm32f3xx_hal_tim_ex.o
    0x080049ac   0x00000036   Code   RO         1636    i.HAL_TIM_Base_Init  stm32f3xx_hal_tim.o
    0x080049e2   0x00000002   PAD
    0x080049e4   0x000000a8   Code   RO         4950    i.HAL_TIM_Base_MspInit  stm32f3xx_hal_msp.o
    0x08004a8c   0x00000018   Code   RO         1641    i.HAL_TIM_Base_Start_IT  stm32f3xx_hal_tim.o
    0x08004aa4   0x000000f2   Code   RO         1645    i.HAL_TIM_ConfigClockSource  stm32f3xx_hal_tim.o
    0x08004b96   0x00000002   PAD
    0x08004b98   0x00000074   Code   RO         7102    i.HAL_TIM_IC_CaptureCallback  lc_meter.o
    0x08004c0c   0x0000011e   Code   RO         1668    i.HAL_TIM_IC_ConfigChannel  stm32f3xx_hal_tim.o
    0x08004d2a   0x00000036   Code   RO         1671    i.HAL_TIM_IC_Init   stm32f3xx_hal_tim.o
    0x08004d60   0x00000002   Code   RO         1673    i.HAL_TIM_IC_MspInit  stm32f3xx_hal_tim.o
    0x08004d62   0x00000166   Code   RO         1680    i.HAL_TIM_IRQHandler  stm32f3xx_hal_tim.o
    0x08004ec8   0x00000030   Code   RO         4951    i.HAL_TIM_MspPostInit  stm32f3xx_hal_msp.o
    0x08004ef8   0x00000056   Code   RO         1681    i.HAL_TIM_OC_ConfigChannel  stm32f3xx_hal_tim.o
    0x08004f4e   0x00000002   Code   RO         1683    i.HAL_TIM_OC_DelayElapsedCallback  stm32f3xx_hal_tim.o
    0x08004f50   0x00000036   Code   RO         1685    i.HAL_TIM_OC_Init   stm32f3xx_hal_tim.o
    0x08004f86   0x00000002   Code   RO         1687    i.HAL_TIM_OC_MspInit  stm32f3xx_hal_tim.o
    0x08004f88   0x000000d0   Code   RO         1704    i.HAL_TIM_PWM_ConfigChannel  stm32f3xx_hal_tim.o
    0x08005058   0x00000036   Code   RO         1707    i.HAL_TIM_PWM_Init  stm32f3xx_hal_tim.o
    0x0800508e   0x00000002   Code   RO         1709    i.HAL_TIM_PWM_MspInit  stm32f3xx_hal_tim.o
    0x08005090   0x00000002   Code   RO         1710    i.HAL_TIM_PWM_PulseFinishedCallback  stm32f3xx_hal_tim.o
    0x08005092   0x00000002   PAD
    0x08005094   0x00000014   Code   RO         4581    i.HAL_TIM_PeriodElapsedCallback  main.o
    0x080050a8   0x00000002   Code   RO         1721    i.HAL_TIM_TriggerCallback  stm32f3xx_hal_tim.o
    0x080050aa   0x00000002   Code   RO         3929    i.HAL_UARTEx_WakeupCallback  stm32f3xx_hal_uart_ex.o
    0x080050ac   0x00000002   Code   RO          870    i.HAL_UART_ErrorCallback  stm32f3xx_hal_uart.o
    0x080050ae   0x00000002   PAD
    0x080050b0   0x00000140   Code   RO          873    i.HAL_UART_IRQHandler  stm32f3xx_hal_uart.o
    0x080051f0   0x0000006a   Code   RO          874    i.HAL_UART_Init     stm32f3xx_hal_uart.o
    0x0800525a   0x00000002   PAD
    0x0800525c   0x000000e0   Code   RO         4953    i.HAL_UART_MspInit  stm32f3xx_hal_msp.o
    0x0800533c   0x00000090   Code   RO          878    i.HAL_UART_Receive_DMA  stm32f3xx_hal_uart.o
    0x080053cc   0x0000000c   Code   RO         7310    i.HAL_UART_RxCpltCallback  uart_dma.o
    0x080053d8   0x0000000c   Code   RO         7311    i.HAL_UART_RxHalfCpltCallback  uart_dma.o
    0x080053e4   0x00000088   Code   RO          883    i.HAL_UART_Transmit_DMA  stm32f3xx_hal_uart.o
    0x0800546c   0x00000002   Code   RO          885    i.HAL_UART_TxCpltCallback  stm32f3xx_hal_uart.o
    0x0800546e   0x00000002   Code   RO          886    i.HAL_UART_TxHalfCpltCallback  stm32f3xx_hal_uart.o
    0x08005470   0x00000002   Code   RO         5071    i.HardFault_Handler  stm32f3xx_it.o
    0x08005472   0x00000002   PAD
    0x08005474   0x00000090   Code   RO         7548    i.LC_measuring      can.o
    0x08005504   0x0000005c   Code   RO         4582    i.MX_ADC1_Init      main.o
    0x08005560   0x0000003c   Code   RO         4583    i.MX_CAN_Init       main.o
    0x0800559c   0x0000007c   Code   RO         4584    i.MX_DMA_Init       main.o
    0x08005618   0x00000114   Code   RO         4585    i.MX_GPIO_Init      main.o
    0x0800572c   0x00000050   Code   RO         4586    i.MX_I2C2_Init      main.o
    0x0800577c   0x00000088   Code   RO         4587    i.MX_RTC_Init       main.o
    0x08005804   0x0000004c   Code   RO         4588    i.MX_SDADC1_Init    main.o
    0x08005850   0x00000048   Code   RO         4589    i.MX_SDADC3_Init    main.o
    0x08005898   0x0000007c   Code   RO         4590    i.MX_TIM19_Init     main.o
    0x08005914   0x00000078   Code   RO         4591    i.MX_TIM3_Init      main.o
    0x0800598c   0x00000078   Code   RO         4592    i.MX_TIM4_Init      main.o
    0x08005a04   0x00000050   Code   RO         4593    i.MX_TIM5_Init      main.o
    0x08005a54   0x00000038   Code   RO         4594    i.MX_USART2_UART_Init  main.o
    0x08005a8c   0x00000038   Code   RO         5266    i.MX_USB_DEVICE_Init  usb_device.o
    0x08005ac4   0x00000090   Code   RO         7830    i.Mavlink_handller  cli.o
    0x08005b54   0x00000002   Code   RO         5072    i.MemManage_Handler  stm32f3xx_it.o
    0x08005b56   0x00000002   Code   RO         5073    i.NMI_Handler       stm32f3xx_it.o
    0x08005b58   0x00000020   Code   RO         1427    i.NVIC_SetPriority  stm32f3xx_hal_cortex.o
    0x08005b78   0x00000366   Code   RO           36    i.PCD_EP_ISR_Handler  stm32f3xx_hal_pcd.o
    0x08005ede   0x00000002   PAD
    0x08005ee0   0x0000002c   Code   RO         3382    i.PCD_ReadPMA       stm32f3xx_hal_pcd_ex.o
    0x08005f0c   0x00000026   Code   RO         3383    i.PCD_WritePMA      stm32f3xx_hal_pcd_ex.o
    0x08005f32   0x00000012   Code   RO          643    i.RTC_Bcd2ToByte    stm32f3xx_hal_rtc.o
    0x08005f44   0x00000016   Code   RO          644    i.RTC_ByteToBcd2    stm32f3xx_hal_rtc.o
    0x08005f5a   0x00000002   PAD
    0x08005f5c   0x0000003a   Code   RO          645    i.RTC_EnterInitMode  stm32f3xx_hal_rtc.o
    0x08005f96   0x0000000e   Code   RO         2453    i.SDADC_DMAError    stm32f3xx_hal_sdadc.o
    0x08005fa4   0x0000000a   Code   RO         2454    i.SDADC_DMAInjectedConvCplt  stm32f3xx_hal_sdadc.o
    0x08005fae   0x0000000a   Code   RO         2455    i.SDADC_DMAInjectedHalfConvCplt  stm32f3xx_hal_sdadc.o
    0x08005fb8   0x00000032   Code   RO         2458    i.SDADC_EnterInitMode  stm32f3xx_hal_sdadc.o
    0x08005fea   0x0000000c   Code   RO         2459    i.SDADC_ExitInitMode  stm32f3xx_hal_sdadc.o
    0x08005ff6   0x00000062   Code   RO         2460    i.SDADC_InjConvStart  stm32f3xx_hal_sdadc.o
    0x08006058   0x0000005c   Code   RO         4595    i.StartDefaultTask  main.o
    0x080060b4   0x00000010   Code   RO         5074    i.SysTick_Handler   stm32f3xx_it.o
    0x080060c4   0x000000bc   Code   RO         4596    i.SystemClock_Config  main.o
    0x08006180   0x00000068   Code   RO         4537    i.SystemInit        system_stm32f3xx.o
    0x080061e8   0x0000009c   Code   RO         5075    i.TIM4_IRQHandler   stm32f3xx_it.o
    0x08006284   0x0000001c   Code   RO         5076    i.TIM6_DAC1_IRQHandler  stm32f3xx_it.o
    0x080062a0   0x000000c8   Code   RO         1722    i.TIM_Base_SetConfig  stm32f3xx_hal_tim.o
    0x08006368   0x00000014   Code   RO         1729    i.TIM_ETR_SetConfig  stm32f3xx_hal_tim.o
    0x0800637c   0x00000010   Code   RO         1730    i.TIM_ITRx_SetConfig  stm32f3xx_hal_tim.o
    0x0800638c   0x00000070   Code   RO         1731    i.TIM_OC1_SetConfig  stm32f3xx_hal_tim.o
    0x080063fc   0x00000060   Code   RO         1732    i.TIM_OC2_SetConfig  stm32f3xx_hal_tim.o
    0x0800645c   0x00000058   Code   RO         1733    i.TIM_OC3_SetConfig  stm32f3xx_hal_tim.o
    0x080064b4   0x00000054   Code   RO         1734    i.TIM_OC4_SetConfig  stm32f3xx_hal_tim.o
    0x08006508   0x00000022   Code   RO         1736    i.TIM_TI1_ConfigInputStage  stm32f3xx_hal_tim.o
    0x0800652a   0x00000002   PAD
    0x0800652c   0x00000078   Code   RO         1737    i.TIM_TI1_SetConfig  stm32f3xx_hal_tim.o
    0x080065a4   0x00000024   Code   RO         1738    i.TIM_TI2_ConfigInputStage  stm32f3xx_hal_tim.o
    0x080065c8   0x00000036   Code   RO         1739    i.TIM_TI2_SetConfig  stm32f3xx_hal_tim.o
    0x080065fe   0x00000002   PAD
    0x08006600   0x00000020   Code   RO         4597    i.Tick1_Task        main.o
    0x08006620   0x000000c8   Code   RO          887    i.UART_AdvFeatureConfig  stm32f3xx_hal_uart.o
    0x080066e8   0x0000005c   Code   RO          888    i.UART_CheckIdleState  stm32f3xx_hal_uart.o
    0x08006744   0x00000014   Code   RO          889    i.UART_DMAAbortOnError  stm32f3xx_hal_uart.o
    0x08006758   0x0000004a   Code   RO          890    i.UART_DMAError     stm32f3xx_hal_uart.o
    0x080067a2   0x0000003e   Code   RO          891    i.UART_DMAReceiveCplt  stm32f3xx_hal_uart.o
    0x080067e0   0x0000000a   Code   RO          893    i.UART_DMARxHalfCplt  stm32f3xx_hal_uart.o
    0x080067ea   0x00000030   Code   RO          895    i.UART_DMATransmitCplt  stm32f3xx_hal_uart.o
    0x0800681a   0x0000000a   Code   RO          897    i.UART_DMATxHalfCplt  stm32f3xx_hal_uart.o
    0x08006824   0x0000001c   Code   RO          899    i.UART_EndRxTransfer  stm32f3xx_hal_uart.o
    0x08006840   0x0000001a   Code   RO          900    i.UART_EndTransmit_IT  stm32f3xx_hal_uart.o
    0x0800685a   0x00000012   Code   RO          901    i.UART_EndTxTransfer  stm32f3xx_hal_uart.o
    0x0800686c   0x00000076   Code   RO          902    i.UART_Receive_IT   stm32f3xx_hal_uart.o
    0x080068e2   0x00000002   PAD
    0x080068e4   0x00000188   Code   RO          903    i.UART_SetConfig    stm32f3xx_hal_uart.o
    0x08006a6c   0x00000064   Code   RO          904    i.UART_Transmit_IT  stm32f3xx_hal_uart.o
    0x08006ad0   0x00000064   Code   RO          905    i.UART_WaitOnFlagUntilTimeout  stm32f3xx_hal_uart.o
    0x08006b34   0x0000000c   Code   RO         5077    i.USART2_IRQHandler  stm32f3xx_it.o
    0x08006b40   0x00000014   Code   RO         6940    i.USBD_CDC_DataIn   usbd_cdc.o
    0x08006b54   0x0000002e   Code   RO         6941    i.USBD_CDC_DataOut  usbd_cdc.o
    0x08006b82   0x0000003c   Code   RO         6942    i.USBD_CDC_DeInit   usbd_cdc.o
    0x08006bbe   0x00000024   Code   RO         6943    i.USBD_CDC_EP0_RxReady  usbd_cdc.o
    0x08006be2   0x00000002   PAD
    0x08006be4   0x0000000c   Code   RO         6944    i.USBD_CDC_GetDeviceQualifierDescriptor  usbd_cdc.o
    0x08006bf0   0x0000000c   Code   RO         6945    i.USBD_CDC_GetFSCfgDesc  usbd_cdc.o
    0x08006bfc   0x0000000c   Code   RO         6946    i.USBD_CDC_GetHSCfgDesc  usbd_cdc.o
    0x08006c08   0x0000000c   Code   RO         6947    i.USBD_CDC_GetOtherSpeedCfgDesc  usbd_cdc.o
    0x08006c14   0x00000088   Code   RO         6948    i.USBD_CDC_Init     usbd_cdc.o
    0x08006c9c   0x00000028   Code   RO         6949    i.USBD_CDC_ReceivePacket  usbd_cdc.o
    0x08006cc4   0x00000010   Code   RO         6950    i.USBD_CDC_RegisterInterface  usbd_cdc.o
    0x08006cd4   0x0000000c   Code   RO         6951    i.USBD_CDC_SetRxBuffer  usbd_cdc.o
    0x08006ce0   0x00000010   Code   RO         6952    i.USBD_CDC_SetTxBuffer  usbd_cdc.o
    0x08006cf0   0x00000070   Code   RO         6953    i.USBD_CDC_Setup    usbd_cdc.o
    0x08006d60   0x00000030   Code   RO         6954    i.USBD_CDC_TransmitPacket  usbd_cdc.o
    0x08006d90   0x0000000e   Code   RO         6742    i.USBD_ClrClassConfig  usbd_core.o
    0x08006d9e   0x00000010   Code   RO         6880    i.USBD_CtlContinueRx  usbd_ioreq.o
    0x08006dae   0x00000010   Code   RO         6881    i.USBD_CtlContinueSendData  usbd_ioreq.o
    0x08006dbe   0x00000016   Code   RO         6677    i.USBD_CtlError     usbd_ctlreq.o
    0x08006dd4   0x0000001e   Code   RO         6882    i.USBD_CtlPrepareRx  usbd_ioreq.o
    0x08006df2   0x00000016   Code   RO         6883    i.USBD_CtlReceiveStatus  usbd_ioreq.o
    0x08006e08   0x0000001a   Code   RO         6884    i.USBD_CtlSendData  usbd_ioreq.o
    0x08006e22   0x00000016   Code   RO         6885    i.USBD_CtlSendStatus  usbd_ioreq.o
    0x08006e38   0x00000020   Code   RO         5195    i.USBD_FS_ConfigStrDescriptor  usbd_desc.o
    0x08006e58   0x0000000c   Code   RO         5196    i.USBD_FS_DeviceDescriptor  usbd_desc.o
    0x08006e64   0x00000024   Code   RO         5197    i.USBD_FS_InterfaceStrDescriptor  usbd_desc.o
    0x08006e88   0x0000000c   Code   RO         5198    i.USBD_FS_LangIDStrDescriptor  usbd_desc.o
    0x08006e94   0x00000028   Code   RO         5199    i.USBD_FS_ManufacturerStrDescriptor  usbd_desc.o
    0x08006ebc   0x00000030   Code   RO         5200    i.USBD_FS_ProductStrDescriptor  usbd_desc.o
    0x08006eec   0x00000024   Code   RO         5201    i.USBD_FS_SerialStrDescriptor  usbd_desc.o
    0x08006f10   0x000000e0   Code   RO         6678    i.USBD_GetDescriptor  usbd_ctlreq.o
    0x08006ff0   0x00000046   Code   RO         6679    i.USBD_GetString    usbd_ctlreq.o
    0x08007036   0x0000002a   Code   RO         6744    i.USBD_Init         usbd_core.o
    0x08007060   0x00000020   Code   RO         5314    i.USBD_LL_ClearStallEP  usbd_conf.o
    0x08007080   0x00000020   Code   RO         5315    i.USBD_LL_CloseEP   usbd_conf.o
    0x080070a0   0x000000aa   Code   RO         6745    i.USBD_LL_DataInStage  usbd_core.o
    0x0800714a   0x0000006a   Code   RO         6746    i.USBD_LL_DataOutStage  usbd_core.o
    0x080071b4   0x00000008   Code   RO         5319    i.USBD_LL_GetRxDataSize  usbd_conf.o
    0x080071bc   0x0000009c   Code   RO         5320    i.USBD_LL_Init      usbd_conf.o
    0x08007258   0x00000020   Code   RO         5321    i.USBD_LL_IsStallEP  usbd_conf.o
    0x08007278   0x00000026   Code   RO         5322    i.USBD_LL_OpenEP    usbd_conf.o
    0x0800729e   0x00000020   Code   RO         5323    i.USBD_LL_PrepareReceive  usbd_conf.o
    0x080072be   0x0000003e   Code   RO         6751    i.USBD_LL_Reset     usbd_core.o
    0x080072fc   0x0000000c   Code   RO         6752    i.USBD_LL_Resume    usbd_core.o
    0x08007308   0x00000018   Code   RO         6753    i.USBD_LL_SOF       usbd_core.o
    0x08007320   0x00000006   Code   RO         6754    i.USBD_LL_SetSpeed  usbd_core.o
    0x08007326   0x00000020   Code   RO         5324    i.USBD_LL_SetUSBAddress  usbd_conf.o
    0x08007346   0x0000005a   Code   RO         6755    i.USBD_LL_SetupStage  usbd_core.o
    0x080073a0   0x00000020   Code   RO         5325    i.USBD_LL_StallEP   usbd_conf.o
    0x080073c0   0x00000020   Code   RO         5326    i.USBD_LL_Start     usbd_conf.o
    0x080073e0   0x00000012   Code   RO         6756    i.USBD_LL_Suspend   usbd_core.o
    0x080073f2   0x00000020   Code   RO         5328    i.USBD_LL_Transmit  usbd_conf.o
    0x08007412   0x00000028   Code   RO         6680    i.USBD_ParseSetupRequest  usbd_ctlreq.o
    0x0800743a   0x00000010   Code   RO         6757    i.USBD_RegisterClass  usbd_core.o
    0x0800744a   0x00000016   Code   RO         6759    i.USBD_SetClassConfig  usbd_core.o
    0x08007460   0x00000074   Code   RO         6681    i.USBD_SetConfig    usbd_ctlreq.o
    0x080074d4   0x0000000a   Code   RO         6760    i.USBD_Start        usbd_core.o
    0x080074de   0x000000f2   Code   RO         6682    i.USBD_StdDevReq    usbd_ctlreq.o
    0x080075d0   0x000000dc   Code   RO         6683    i.USBD_StdEPReq     usbd_ctlreq.o
    0x080076ac   0x00000034   Code   RO         6684    i.USBD_StdItfReq    usbd_ctlreq.o
    0x080076e0   0x00000002   Code   RO         5329    i.USBD_static_free  usbd_conf.o
    0x080076e2   0x00000002   PAD
    0x080076e4   0x00000008   Code   RO         5330    i.USBD_static_malloc  usbd_conf.o
    0x080076ec   0x0000000c   Code   RO         5078    i.USB_LP_IRQHandler  stm32f3xx_it.o
    0x080076f8   0x00000002   Code   RO         5079    i.UsageFault_Handler  stm32f3xx_it.o
    0x080076fa   0x00000002   Code   RO         7454    i.VCP_handller      vcp.o
    0x080076fc   0x00000014   Code   RO         7455    i.VCP_init          vcp.o
    0x08007710   0x00000002   Code   RO         4598    i._Error_Handler    main.o
    0x08007712   0x00000016   Code   RO         7831    i._MAV_RETURN_float_array  cli.o
    0x08007728   0x00000028   Code   RO         8241    i.__0sprintf        mc_w.l(printfa.o)
    0x08007750   0x00000008   Code   RO         8342    i.__aeabi_errno_addr  mc_w.l(errno.o)
    0x08007758   0x0000000e   Code   RO         8364    i.__scatterload_copy  mc_w.l(handlers.o)
    0x08007766   0x00000002   Code   RO         8365    i.__scatterload_null  mc_w.l(handlers.o)
    0x08007768   0x0000000e   Code   RO         8366    i.__scatterload_zeroinit  mc_w.l(handlers.o)
    0x08007776   0x00000002   PAD
    0x08007778   0x00000164   Code   RO         8246    i._fp_digits        mc_w.l(printfa.o)
    0x080078dc   0x000006dc   Code   RO         8247    i._printf_core      mc_w.l(printfa.o)
    0x08007fb8   0x00000024   Code   RO         8248    i._printf_post_padding  mc_w.l(printfa.o)
    0x08007fdc   0x0000002e   Code   RO         8249    i._printf_pre_padding  mc_w.l(printfa.o)
    0x0800800a   0x0000000a   Code   RO         8251    i._sputc            mc_w.l(printfa.o)
    0x08008014   0x0000004e   Code   RO         7312    i.block_read_dma_buffer_to_queue  uart_dma.o
    0x08008062   0x00000014   Code   RO         7651    i.can_is_empty      can_queue.o
    0x08008076   0x00000022   Code   RO         7652    i.can_queue_is_full  can_queue.o
    0x08008098   0x00000024   Code   RO         7550    i.can_txd_msg_loop_back_rxd_queue  can.o
    0x080080bc   0x00000022   Code   RO         7224    i.checkFirstTime    config.o
    0x080080de   0x0000001c   Code   RO         7703    i.check_Sum_to_str  function.o
    0x080080fa   0x0000001c   Code   RO         7832    i.crc_accumulate    cli.o
    0x08008116   0x000000fa   Code   RO         7551    i.data_set_value    can.o
    0x08008210   0x00000040   Code   RO         7456    i.dequeue_cdc_data  vcp.o
    0x08008250   0x00000020   Code   RO         7966    i.digital_out_put_controler  digital_control.o
    0x08008270   0x00000044   Code   RO         7457    i.enqueue_cdc_data  vcp.o
    0x080082b4   0x0000000c   Code   RO         6293    i.inHandlerMode     cmsis_os.o
    0x080082c0   0x00000002   Code   RO         7226    i.initEEPROM        config.o
    0x080082c2   0x00000002   PAD
    0x080082c4   0x0000002c   Code   RO         7227    i.initSystemset     config.o
    0x080082f0   0x00000080   Code   RO         7049    i.interpolation     adc.o
    0x08008370   0x00000100   Code   RO         4599    i.main              main.o
    0x08008470   0x0000000c   Code   RO         6295    i.makeFreeRtosPriority  cmsis_os.o
    0x0800847c   0x0000000c   Code   RO         7833    i.mav_array_memcpy  cli.o
    0x08008488   0x00000098   Code   RO         7834    i.mavlink_finalize_message_chan  cli.o
    0x08008520   0x00000158   Code   RO         7835    i.mavlink_frame_char_buffer  cli.o
    0x08008678   0x00000010   Code   RO         7836    i.mavlink_get_channel_status  cli.o
    0x08008688   0x00000518   Code   RO         7838    i.mavlink_msg_control  cli.o
    0x08008ba0   0x00000054   Code   RO         7839    i.mavlink_msg_measuring_data_pack  cli.o
    0x08008bf4   0x00000026   Code   RO         7840    i.mavlink_msg_to_send_buffer  cli.o
    0x08008c1a   0x0000000a   Code   RO         7842    i.mavlink_update_checksum  cli.o
    0x08008c24   0x00000044   Code   RO         7166    i.micros            drv_system.o
    0x08008c68   0x00000004   Code   RO         7167    i.millis            drv_system.o
    0x08008c6c   0x00000174   Code   RO         7050    i.moving_avg_update  adc.o
    0x08008de0   0x00000020   Code   RO         7710    i.number_to_2hex    function.o
    0x08008e00   0x0000000e   Code   RO         6297    i.osDelay           cmsis_os.o
    0x08008e0e   0x0000000a   Code   RO         6300    i.osKernelStart     cmsis_os.o
    0x08008e18   0x00000018   Code   RO         6301    i.osKernelSysTick   cmsis_os.o
    0x08008e30   0x00000014   Code   RO         6333    i.osSystickHandler  cmsis_os.o
    0x08008e44   0x0000002e   Code   RO         6334    i.osThreadCreate    cmsis_os.o
    0x08008e72   0x00000002   PAD
    0x08008e74   0x00000028   Code   RO         7406    i.output_protocl_port_init  serial.o
    0x08008e9c   0x00000070   Code   RO         7313    i.polling_read_rx_dma_buffer_to_queue  uart_dma.o
    0x08008f0c   0x00000070   Code   RO         5761    i.prvAddCurrentTaskToDelayedList  tasks.o
    0x08008f7c   0x000000d0   Code   RO         5762    i.prvAddNewTaskToReadyList  tasks.o
    0x0800904c   0x00000050   Code   RO         5763    i.prvCheckTasksWaitingTermination  tasks.o
    0x0800909c   0x00000014   Code   RO         5764    i.prvDeleteTCB      tasks.o
    0x080090b0   0x0000004c   Code   RO         6230    i.prvHeapInit       heap_4.o
    0x080090fc   0x00000028   Code   RO         5765    i.prvIdleTask       tasks.o
    0x08009124   0x0000008e   Code   RO         5766    i.prvInitialiseNewTask  tasks.o
    0x080091b2   0x00000002   PAD
    0x080091b4   0x0000004c   Code   RO         6231    i.prvInsertBlockIntoFreeList  heap_4.o
    0x08009200   0x00000020   Code   RO         5767    i.prvResetNextTaskUnblockTime  tasks.o
    0x08009220   0x00000028   Code   RO         6050    i.prvTaskExitError  port.o
    0x08009248   0x000000d8   Code   RO         6232    i.pvPortMalloc      heap_4.o
    0x08009320   0x0000002c   Code   RO         6051    i.pxPortInitialiseStack  port.o
    0x0800934c   0x0000002c   Code   RO         7229    i.readEEPROM        config.o
    0x08009378   0x000000ec   Code   RO         7230    i.resetConf         config.o
    0x08009464   0x000002bc   Code   RO         7843    i.serial_direct_can_bus  cli.o
    0x08009720   0x00000060   Code   RO         7407    i.serial_port_selcet  serial.o
    0x08009780   0x0000005c   Code   RO         7552    i.status_rtr        can.o
    0x080097dc   0x00000040   Code   RO         7168    i.systemInit        drv_system.o
    0x0800981c   0x0000002c   Code   RO         7169    i.systemReset       drv_system.o
    0x08009848   0x000000b0   Code   RO         7553    i.tc_kevin_measuring  can.o
    0x080098f8   0x00000020   Code   RO         7315    i.uart2_dma_init    uart_dma.o
    0x08009918   0x00000018   Code   RO         7316    i.uart2_get_char    uart_dma.o
    0x08009930   0x00000018   Code   RO         7317    i.uart2_receive_check  uart_dma.o
    0x08009948   0x0000001c   Code   RO         7318    i.uart2_str_print   uart_dma.o
    0x08009964   0x0000002e   Code   RO         7319    i.uart_dequeue      uart_dma.o
    0x08009992   0x00000002   PAD
    0x08009994   0x00000030   Code   RO         7320    i.uart_dma_queue_init  uart_dma.o
    0x080099c4   0x0000003c   Code   RO         7321    i.uart_enqueue      uart_dma.o
    0x08009a00   0x00000024   Code   RO         6126    i.uxListRemove      list.o
    0x08009a24   0x00000016   Code   RO         6127    i.vListInitialise   list.o
    0x08009a3a   0x00000006   Code   RO         6128    i.vListInitialiseItem  list.o
    0x08009a40   0x00000030   Code   RO         6129    i.vListInsert       list.o
    0x08009a70   0x00000018   Code   RO         6130    i.vListInsertEnd    list.o
    0x08009a88   0x00000040   Code   RO         6053    i.vPortEnterCritical  port.o
    0x08009ac8   0x00000028   Code   RO         6054    i.vPortExitCritical  port.o
    0x08009af0   0x0000005c   Code   RO         6233    i.vPortFree         heap_4.o
    0x08009b4c   0x00000020   Code   RO         6055    i.vPortSetupTimerInterrupt  port.o
    0x08009b6c   0x00000054   Code   RO         6056    i.vPortValidateInterruptPriority  port.o
    0x08009bc0   0x0000004c   Code   RO         5775    i.vTaskDelay        tasks.o
    0x08009c0c   0x00000068   Code   RO         5786    i.vTaskStartScheduler  tasks.o
    0x08009c74   0x00000010   Code   RO         5788    i.vTaskSuspendAll   tasks.o
    0x08009c84   0x0000005c   Code   RO         5789    i.vTaskSwitchContext  tasks.o
    0x08009ce0   0x0000003c   Code   RO         7231    i.validEEPROM       config.o
    0x08009d1c   0x000000a0   Code   RO         7232    i.writeEEPROM       config.o
    0x08009dbc   0x000000e0   Code   RO         6057    i.xPortStartScheduler  port.o
    0x08009e9c   0x0000002c   Code   RO         6058    i.xPortSysTickHandler  port.o
    0x08009ec8   0x00000056   Code   RO         5791    i.xTaskCreate       tasks.o
    0x08009f1e   0x00000002   PAD
    0x08009f20   0x0000001c   Code   RO         5795    i.xTaskGetSchedulerState  tasks.o
    0x08009f3c   0x0000000c   Code   RO         5796    i.xTaskGetTickCount  tasks.o
    0x08009f48   0x00000010   Code   RO         5797    i.xTaskGetTickCountFromISR  tasks.o
    0x08009f58   0x000000c8   Code   RO         5798    i.xTaskIncrementTick  tasks.o
    0x0800a020   0x000000c4   Code   RO         5804    i.xTaskResumeAll    tasks.o
    0x0800a0e4   0x00000020   Data   RO         3664    .constdata          stm32f3xx_hal_rcc.o
    0x0800a104   0x00000010   Data   RO         4538    .constdata          system_stm32f3xx.o
    0x0800a114   0x00000008   Data   RO         4539    .constdata          system_stm32f3xx.o
    0x0800a11c   0x00000028   Data   RO         4606    .constdata          main.o
    0x0800a144   0x00000100   Data   RO         7845    .constdata          cli.o
    0x0800a244   0x00000081   Data   RO         8315    .constdata          mc_w.l(ctype_o.o)
    0x0800a2c5   0x00000003   PAD
    0x0800a2c8   0x00000004   Data   RO         8316    .constdata          mc_w.l(ctype_o.o)
    0x0800a2cc   0x00000015   Data   RO         4607    .conststring        main.o
    0x0800a2e1   0x00000003   PAD
    0x0800a2e4   0x00000020   Data   RO         8362    Region$$Table       anon$$obj.o


    Execution Region RW_IRAM1 (Base: 0x20000000, Size: 0x00003310, Max: 0x00008000, ABSOLUTE, COMPRESSED[0x00000184])

    Base Addr    Size         Type   Attr      Idx    E Section Name        Object

    0x20000000   0x00000004   Data   RW          495    .data               stm32f3xx_hal.o
    0x20000004   0x00000004   Data   RW         4540    .data               system_stm32f3xx.o
    0x20000008   0x00000008   Data   RW         4608    .data               main.o
    0x20000010   0x00000008   Data   RW         5080    .data               stm32f3xx_it.o
    0x20000018   0x0000001c   Data   RW         5203    .data               usbd_desc.o
    0x20000034   0x00000016   Data   RW         5204    .data               usbd_desc.o
    0x2000004a   0x00000002   PAD
    0x2000004c   0x00000010   Data   RW         5516    .data               usbd_cdc_if.o
    0x2000005c   0x0000003c   Data   RW         5807    .data               tasks.o
    0x20000098   0x0000000c   Data   RW         6059    .data               port.o
    0x200000a4   0x00000018   Data   RW         6238    .data               heap_4.o
    0x200000bc   0x00000001   Data   RW         6685    .data               usbd_ctlreq.o
    0x200000bd   0x00000003   PAD
    0x200000c0   0x000000db   Data   RW         6955    .data               usbd_cdc.o
    0x2000019b   0x00000001   PAD
    0x2000019c   0x00000038   Data   RW         6956    .data               usbd_cdc.o
    0x200001d4   0x00000004   PAD
    0x200001d8   0x000000c0   Data   RW         7052    .data               adc.o
    0x20000298   0x00000040   Data   RW         7108    .data               lc_meter.o
    0x200002d8   0x00000008   Data   RW         7111    .data               lc_meter.o
    0x200002e0   0x00000008   Data   RW         7170    .data               drv_system.o
    0x200002e8   0x0000000c   Data   RW         7461    .data               vcp.o
    0x200002f4   0x00000004   PAD
    0x200002f8   0x00000060   Data   RW         7557    .data               can.o
    0x20000358   0x00000004   Data   RW         7775    .data               rtc.o
    0x2000035c   0x00000014   Data   RW         7846    .data               cli.o
    0x20000370   0x00000004   Data   RW         8345    .data               mc_w.l(errno.o)
    0x20000374   0x00000004   PAD
    0x20000378   0x00000020   Zero   RW         3769    .bss                stm32f3xx_hal_flash.o
    0x20000398   0x00000300   Zero   RW         4600    .bss                main.o
    0x20000698   0x00000044   Zero   RW         4601    .bss                main.o
    0x200006dc   0x00000044   Zero   RW         4602    .bss                main.o
    0x20000720   0x00000044   Zero   RW         4603    .bss                main.o
    0x20000764   0x00000044   Zero   RW         4604    .bss                main.o
    0x200007a8   0x00000044   Zero   RW         4605    .bss                main.o
    0x200007ec   0x00000200   Zero   RW         5202    .bss                usbd_desc.o
    0x200009ec   0x00000224   Zero   RW         5267    .bss                usb_device.o
    0x20000c10   0x000005c8   Zero   RW         5331    .bss                usbd_conf.o
    0x200011d8   0x00000080   Zero   RW         5515    .bss                usbd_cdc_if.o
    0x20001258   0x00000040   Zero   RW         5565    .bss                stm32f3xx_hal_timebase_tim.o
    0x20001298   0x000000f0   Zero   RW         5806    .bss                tasks.o
    0x20001388   0x00000c00   Zero   RW         6237    .bss                heap_4.o
    0x20001f88   0x00000058   Zero   RW         7051    .bss                adc.o
    0x20001fe0   0x00000018   Zero   RW         7233    .bss                config.o
    0x20001ff8   0x00000128   Zero   RW         7234    .bss                config.o
    0x20002120   0x000000e4   Zero   RW         7322    .bss                uart_dma.o
    0x20002204   0x00000028   Zero   RW         7408    .bss                serial.o
    0x2000222c   0x0000016b   Zero   RW         7459    .bss                vcp.o
    0x20002397   0x00000001   PAD
    0x20002398   0x00000040   Zero   RW         7554    .bss                can.o
    0x200023d8   0x00000204   Zero   RW         7653    .bss                can_queue.o
    0x200025dc   0x00000204   Zero   RW         7654    .bss                can_queue.o
    0x200027e0   0x00000014   Zero   RW         7774    .bss                rtc.o
    0x200027f4   0x00000004   PAD
    0x200027f8   0x00000712   Zero   RW         7844    .bss                cli.o
    0x20002f0a   0x00000006   PAD
    0x20002f10   0x00000400   Zero   RW         4571    STACK               startup_stm32f373xc.o


==============================================================================

Image component sizes


      Code (inc. data)   RO Data    RW Data    ZI Data      Debug   Object Name

      1416        212          0        192         88       5010   adc.o
      1510        182          0         96         64      10275   can.o
       286          0          0          0       1032       3439   can_queue.o
      2854        218        256         20       1810      48703   cli.o
       138          0          0          0          0      16254   cmsis_os.o
       580         62          0          0        320       8581   config.o
       244         56          0          0          0       1173   dac.o
        32         10          0          0          0        540   digital_control.o
       180         46          0          8          0      29584   drv_system.o
        60          0          0          0          0       1332   function.o
       460         24          0         24       3072       7515   heap_4.o
       116         10          0         72          0       4849   lc_meter.o
       136          0          0          0          0       3622   list.o
      2006        188         61          8       1108      47414   main.o
       758         84          0         12          0      12197   port.o
         0          0          0          0          0       9608   queue.o
         0          0          0          4         20        264   rtc.o
       136         56          0          0         40       2465   serial.o
        36          8        392          0       1024        832   startup_stm32f373xc.o
        92         16          0          4          0       3344   stm32f3xx_hal.o
         6          0          0          0          0       2150   stm32f3xx_hal_adc.o
      1306         48          0          0          0       9359   stm32f3xx_hal_adc_ex.o
      2066         30          0          0          0       7808   stm32f3xx_hal_can.o
       218         14          0          0          0      31125   stm32f3xx_hal_cortex.o
        42          0          0          0          0       1692   stm32f3xx_hal_dac.o
       278          0          0          0          0       4119   stm32f3xx_hal_dac_ex.o
       542         12          0          0          0       5038   stm32f3xx_hal_dma.o
       356         54          0          0         32       5603   stm32f3xx_hal_flash.o
       240         28          0          0          0       3449   stm32f3xx_hal_flash_ex.o
       402         28          0          0          0       2440   stm32f3xx_hal_gpio.o
       184          6          0          0          0       2999   stm32f3xx_hal_i2c.o
       168          0          0          0          0       1995   stm32f3xx_hal_i2c_ex.o
      1280        238          0          0          0       7722   stm32f3xx_hal_msp.o
      3110          0          0          0          0     613798   stm32f3xx_hal_pcd.o
       142          0          0          0          0       2915   stm32f3xx_hal_pcd_ex.o
        40         10          0          0          0       1204   stm32f3xx_hal_pwr_ex.o
      2116         90         32          0          0       7141   stm32f3xx_hal_rcc.o
       464         14          0          0          0       1580   stm32f3xx_hal_rcc_ex.o
       928         26          0          0          0       7624   stm32f3xx_hal_rtc.o
        20          0          0          0          0       1751   stm32f3xx_hal_rtc_ex.o
       848         24          0          0          0      12506   stm32f3xx_hal_sdadc.o
      2292        118          0          0          0      21353   stm32f3xx_hal_tim.o
        84          0          0          0          0       2526   stm32f3xx_hal_tim_ex.o
       116         16          0          0         64       1516   stm32f3xx_hal_timebase_tim.o
      2010         76          0          0          0      16758   stm32f3xx_hal_uart.o
         2          0          0          0          0        988   stm32f3xx_hal_uart_ex.o
       308         86          0          8          0      10286   stm32f3xx_it.o
       104         22         24          4          0       1247   system_stm32f3xx.o
      1460        132          0         60        240      17750   tasks.o
       476         52          0          0        228       8097   uart_dma.o
        56         18          0          0        548        776   usb_device.o
       590         22          0        275          0      13394   usbd_cdc.o
       124         20          0         16        128       3532   usbd_cdc_if.o
       714         52          0          0       1480      14397   usbd_conf.o
       592          0          0          0          0       9736   usbd_core.o
       986         30          0          1          0       8168   usbd_ctlreq.o
       216        120          0         50        512       5287   usbd_desc.o
       132          0          0          0          0       4572   usbd_ioreq.o
       192         28          0         12        363       4586   vcp.o

    ----------------------------------------------------------------------
     36316       2586        800        880      12184    1095988   Object Totals
         0          0         32          0          0          0   (incl. Generated)
        66          0          3         14         11          0   (incl. Padding)

    ----------------------------------------------------------------------

      Code (inc. data)   RO Data    RW Data    ZI Data      Debug   Library Member Name

        86          0          0          0          0          0   __dczerorl2.o
        28          0          0          0          0         68   _chval.o
       158          0          0          0          0         92   _strtoul.o
         8          4        133          0          0         68   ctype_o.o
         0          0          0          0          0          0   entry.o
         0          0          0          0          0          0   entry10a.o
         0          0          0          0          0          0   entry11a.o
         8          4          0          0          0          0   entry2.o
         4          0          0          0          0          0   entry5.o
         0          0          0          0          0          0   entry7b.o
         0          0          0          0          0          0   entry8b.o
         8          4          0          0          0          0   entry9a.o
         8          4          0          4          0         68   errno.o
        30          0          0          0          0          0   handlers.o
        36          8          0          0          0         68   init.o
         0          0          0          0          0          0   iusefp.o
        30          0          0          0          0         68   llshl.o
        36          0          0          0          0         68   llsshr.o
        32          0          0          0          0         68   llushr.o
        36          0          0          0          0         68   memcpya.o
        36          0          0          0          0        108   memseta.o
      2244         86          0          0          0        512   printfa.o
        14          0          0          0          0         68   strlen.o
       112          0          0          0          0         88   strtol.o
        44          0          0          0          0         80   uidiv.o
        98          0          0          0          0         92   uldiv.o
        48          0          0          0          0         68   cdrcmple.o
        56          0          0          0          0         88   d2f.o
       334          0          0          0          0        148   dadd.o
       222          0          0          0          0        100   ddiv.o
       186          0          0          0          0        176   depilogue.o
        62          0          0          0          0         80   dfixi.o
        50          0          0          0          0         76   dfixui.o
        48          0          0          0          0         68   dfixul.o
        34          0          0          0          0         76   dflti.o
       228          0          0          0          0         96   dmul.o
        38          0          0          0          0         68   f2d.o
       110          0          0          0          0        168   fepilogue.o

    ----------------------------------------------------------------------
      4480        110        136          4          4       2796   Library Totals
         8          0          3          0          4          0   (incl. Padding)

    ----------------------------------------------------------------------

      Code (inc. data)   RO Data    RW Data    ZI Data      Debug   Library Name

      3056        110        133          4          0       1584   mc_w.l
      1416          0          0          0          0       1212   mf_w.l

    ----------------------------------------------------------------------
      4480        110        136          4          4       2796   Library Totals

    ----------------------------------------------------------------------

==============================================================================


      Code (inc. data)   RO Data    RW Data    ZI Data      Debug   

     40796       2696        936        884      12188    1058612   Grand Totals
     40796       2696        936        388      12188    1058612   ELF Image Totals (compressed)
     40796       2696        936        388          0          0   ROM Totals

==============================================================================

    Total RO  Size (Code + RO Data)                41732 (  40.75kB)
    Total RW  Size (RW Data + ZI Data)             13072 (  12.77kB)
    Total ROM Size (Code + RO Data + RW Data)      42120 (  41.13kB)

==============================================================================

